
****** Vivado v2025.2 (64-bit)
  **** SW Build 6299465 on Fri Nov 14 12:34:56 MST 2025
  **** IP Build 6300035 on Fri Nov 14 10:48:45 MST 2025
  **** SharedData Build 6298862 on Thu Nov 13 04:50:51 MST 2025
  **** Start of session at: Sat Sep 19 12:15:16 2026
    ** Copyright 1986-2022 Xilinx, Inc. All Rights Reserved.
    ** Copyright 2022-2025 Advanced Micro Devices, Inc. All Rights Reserved.

source prog_only.tcl
# open_hw_manager
# connect_hw_server -url localhost:3121
INFO: [Labtools 27-2285] Connecting to hw_server url TCP:localhost:3121
INFO: [Labtools 27-3415] Connecting to cs_server url TCP:localhost:0
INFO: [Labtools 27-3417] Launching cs_server...
INFO: [Labtools 27-2221] Launch Output:


******** Xilinx cs_server v2025.2.0
  ****** Build date   : Nov 14 2025-02:16:52
    **** Build number : 2025.2.1763075812
      ** Copyright 2017-2022 Xilinx, Inc. All Rights Reserved.
      ** Copyright 2022-2026 Advanced Micro Devices, Inc. All Rights Reserved.



# refresh_hw_server
# set tgt [lindex [get_hw_targets] 0]
# puts "TARGET: $tgt"
TARGET: localhost:3121/xilinx_tcf/Digilent/210276B9FE75B
# current_hw_target $tgt
# set_property PARAM.FREQUENCY 5000000 $tgt
# open_hw_target
INFO: [Labtoolstcl 44-466] Opening hw_target localhost:3121/xilinx_tcf/Digilent/210276B9FE75B
# refresh_hw_device -update_hw_probes false [lindex [get_hw_devices] 0]
INFO: [Labtools 27-1434] Device xc7a200t (JTAG device index = 0) is programmed with a design that has no supported soft debug core(s) in it.
# puts "DEVICES: [get_hw_devices]"
DEVICES: xc7a200t_0
# current_hw_device [lindex [get_hw_devices] 0]
# set_property PROGRAM.FILE {build_fpga/zuga_ic.bit} [current_hw_device]
# program_hw_devices [current_hw_device]
INFO: [Labtools 27-3164] End of startup status: HIGH
program_hw_devices: Time (s): cpu = 00:00:16 ; elapsed = 00:00:16 . Memory (MB): peak = 1665.262 ; gain = 1.000 ; free physical = 1654 ; free virtual = 11912
# puts "==== KART PROGRAMLANDI ===="
==== KART PROGRAMLANDI ====
# close_hw_target
INFO: [Labtoolstcl 44-464] Closing hw_target localhost:3121/xilinx_tcf/Digilent/210276B9FE75B
# disconnect_hw_server
# close_hw_manager
INFO: [Common 17-206] Exiting Vivado at Sat Sep 19 12:15:38 2026...
