#-----------------------------------------------------------
# Vivado v2025.2 (64-bit)
# SW Build 6299465 on Fri Nov 14 12:34:56 MST 2025
# IP Build 6300035 on Fri Nov 14 10:48:45 MST 2025
# SharedData Build 6298862 on Thu Nov 13 04:50:51 MST 2025
# Start of session at: Wed Jul 29 10:36:58 2026
# Process ID         : 1178891
# Current directory  : /home/ubuntu/zuga-final
# Command line       : vivado -mode batch -source build_fpga.tcl
# Log file           : /home/ubuntu/zuga-final/vivado.log
# Journal file       : /home/ubuntu/zuga-final/vivado.jou
# Running On         : ubuntu-Lenovo-V15-G4-IAH
# Platform           : Ubuntu
# Operating System   : Ubuntu 24.04.4 LTS
# Processor Detail   : 12th Gen Intel(R) Core(TM) i5-12500H
# CPU Frequency      : 400.163 MHz
# CPU Physical cores : 12
# CPU Logical cores  : 16
# Host memory        : 16473 MB
# Swap memory        : 4294 MB
# Total Virtual      : 20768 MB
# Available Virtual  : 10042 MB
#-----------------------------------------------------------
source build_fpga.tcl
# set PART   xc7a200tsbg484-1
# set TOP    fpga_top_axi
# set OUTDIR build_fpga
# file mkdir $OUTDIR
# if {[file exists sw/bootloader.hex]} { file copy -force sw/bootloader.hex bootloader.hex }
# set CORE {
#     cv32e40p/rtl/include/cv32e40p_pkg.sv
#     cv32e40p/rtl/include/cv32e40p_apu_core_pkg.sv
#     cv32e40p/rtl/include/cv32e40p_fpu_pkg.sv
#     cv32e40p/bhv/cv32e40p_sim_clock_gate.sv
#     cv32e40p/rtl/cv32e40p_core.sv
#     cv32e40p/rtl/cv32e40p_if_stage.sv
#     cv32e40p/rtl/cv32e40p_id_stage.sv
#     cv32e40p/rtl/cv32e40p_ex_stage.sv
#     cv32e40p/rtl/cv32e40p_load_store_unit.sv
#     cv32e40p/rtl/cv32e40p_controller.sv
#     cv32e40p/rtl/cv32e40p_cs_registers.sv
#     cv32e40p/rtl/cv32e40p_decoder.sv
#     cv32e40p/rtl/cv32e40p_alu.sv
#     cv32e40p/rtl/cv32e40p_mult.sv
#     cv32e40p/rtl/cv32e40p_register_file_ff.sv
#     cv32e40p/rtl/cv32e40p_sleep_unit.sv
#     cv32e40p/rtl/cv32e40p_int_controller.sv
#     cv32e40p/rtl/cv32e40p_obi_interface.sv
#     cv32e40p/rtl/cv32e40p_prefetch_buffer.sv
#     cv32e40p/rtl/cv32e40p_prefetch_controller.sv
#     cv32e40p/rtl/cv32e40p_alu_div.sv
#     cv32e40p/rtl/cv32e40p_ff_one.sv
#     cv32e40p/rtl/cv32e40p_popcnt.sv
#     cv32e40p/rtl/cv32e40p_compressed_decoder.sv
# }
# set ZUGA {
#     rtl/obi_to_axi_lite.sv
#     rtl/ram_axi.sv
#     rtl/gpio_axi.sv
#     rtl/timer_axi.sv
#     rtl/uart_axi.sv
#     rtl/i2c_master_axi.sv
#     rtl/yz_csr.sv
#     rtl/yz_accel.sv
#     rtl/yz_top.sv
#     rtl/soc_top_axi.sv
#     rtl/fpga_top_axi.sv
# }
# read_verilog -sv [concat $CORE $ZUGA]
# read_xdc constraints/nexys_video.xdc
# synth_design -top $TOP -part $PART \
#     -include_dirs {cv32e40p/rtl/include cv32e40p/rtl cv32e40p/bhv}
Command: synth_design -top fpga_top_axi -part xc7a200tsbg484-1 -include_dirs {cv32e40p/rtl/include cv32e40p/rtl cv32e40p/bhv}
Starting synth_design
Attempting to get a license for feature 'Synthesis' and/or device 'xc7a200t'
INFO: [Common 17-349] Got license for feature 'Synthesis' and/or device 'xc7a200t'
INFO: [Device 21-403] Loading part xc7a200tsbg484-1
INFO: [Synth 8-7079] Multithreading enabled for synth_design using a maximum of 7 processes.
INFO: [Synth 8-7078] Launching helper process for spawning children vivado processes
INFO: [Synth 8-7075] Helper process launched with PID 1179071
---------------------------------------------------------------------------------
Starting RTL Elaboration : Time (s): cpu = 00:00:03 ; elapsed = 00:00:03 . Memory (MB): peak = 2296.750 ; gain = 482.594 ; free physical = 294 ; free virtual = 8549
---------------------------------------------------------------------------------
WARNING: [Synth 8-11067] parameter 'OPCODE_SYSTEM' declared inside package 'cv32e40p_pkg' shall be treated as localparam [/home/ubuntu/zuga-final/cv32e40p/rtl/include/cv32e40p_pkg.sv:37]
WARNING: [Synth 8-11067] parameter 'OPCODE_FENCE' declared inside package 'cv32e40p_pkg' shall be treated as localparam [/home/ubuntu/zuga-final/cv32e40p/rtl/include/cv32e40p_pkg.sv:38]
WARNING: [Synth 8-11067] parameter 'OPCODE_OP' declared inside package 'cv32e40p_pkg' shall be treated as localparam [/home/ubuntu/zuga-final/cv32e40p/rtl/include/cv32e40p_pkg.sv:39]
WARNING: [Synth 8-11067] parameter 'OPCODE_OPIMM' declared inside package 'cv32e40p_pkg' shall be treated as localparam [/home/ubuntu/zuga-final/cv32e40p/rtl/include/cv32e40p_pkg.sv:40]
WARNING: [Synth 8-11067] parameter 'OPCODE_STORE' declared inside package 'cv32e40p_pkg' shall be treated as localparam [/home/ubuntu/zuga-final/cv32e40p/rtl/include/cv32e40p_pkg.sv:41]
WARNING: [Synth 8-11067] parameter 'OPCODE_LOAD' declared inside package 'cv32e40p_pkg' shall be treated as localparam [/home/ubuntu/zuga-final/cv32e40p/rtl/include/cv32e40p_pkg.sv:42]
WARNING: [Synth 8-11067] parameter 'OPCODE_BRANCH' declared inside package 'cv32e40p_pkg' shall be treated as localparam [/home/ubuntu/zuga-final/cv32e40p/rtl/include/cv32e40p_pkg.sv:43]
WARNING: [Synth 8-11067] parameter 'OPCODE_JALR' declared inside package 'cv32e40p_pkg' shall be treated as localparam [/home/ubuntu/zuga-final/cv32e40p/rtl/include/cv32e40p_pkg.sv:44]
WARNING: [Synth 8-11067] parameter 'OPCODE_JAL' declared inside package 'cv32e40p_pkg' shall be treated as localparam [/home/ubuntu/zuga-final/cv32e40p/rtl/include/cv32e40p_pkg.sv:45]
WARNING: [Synth 8-11067] parameter 'OPCODE_AUIPC' declared inside package 'cv32e40p_pkg' shall be treated as localparam [/home/ubuntu/zuga-final/cv32e40p/rtl/include/cv32e40p_pkg.sv:46]
WARNING: [Synth 8-11067] parameter 'OPCODE_LUI' declared inside package 'cv32e40p_pkg' shall be treated as localparam [/home/ubuntu/zuga-final/cv32e40p/rtl/include/cv32e40p_pkg.sv:47]
WARNING: [Synth 8-11067] parameter 'OPCODE_OP_FP' declared inside package 'cv32e40p_pkg' shall be treated as localparam [/home/ubuntu/zuga-final/cv32e40p/rtl/include/cv32e40p_pkg.sv:48]
WARNING: [Synth 8-11067] parameter 'OPCODE_OP_FMADD' declared inside package 'cv32e40p_pkg' shall be treated as localparam [/home/ubuntu/zuga-final/cv32e40p/rtl/include/cv32e40p_pkg.sv:49]
WARNING: [Synth 8-11067] parameter 'OPCODE_OP_FNMADD' declared inside package 'cv32e40p_pkg' shall be treated as localparam [/home/ubuntu/zuga-final/cv32e40p/rtl/include/cv32e40p_pkg.sv:50]
WARNING: [Synth 8-11067] parameter 'OPCODE_OP_FMSUB' declared inside package 'cv32e40p_pkg' shall be treated as localparam [/home/ubuntu/zuga-final/cv32e40p/rtl/include/cv32e40p_pkg.sv:51]
WARNING: [Synth 8-11067] parameter 'OPCODE_OP_FNMSUB' declared inside package 'cv32e40p_pkg' shall be treated as localparam [/home/ubuntu/zuga-final/cv32e40p/rtl/include/cv32e40p_pkg.sv:52]
WARNING: [Synth 8-11067] parameter 'OPCODE_STORE_FP' declared inside package 'cv32e40p_pkg' shall be treated as localparam [/home/ubuntu/zuga-final/cv32e40p/rtl/include/cv32e40p_pkg.sv:53]
WARNING: [Synth 8-11067] parameter 'OPCODE_LOAD_FP' declared inside package 'cv32e40p_pkg' shall be treated as localparam [/home/ubuntu/zuga-final/cv32e40p/rtl/include/cv32e40p_pkg.sv:54]
WARNING: [Synth 8-11067] parameter 'OPCODE_AMO' declared inside package 'cv32e40p_pkg' shall be treated as localparam [/home/ubuntu/zuga-final/cv32e40p/rtl/include/cv32e40p_pkg.sv:55]
WARNING: [Synth 8-11067] parameter 'OPCODE_CUSTOM_0' declared inside package 'cv32e40p_pkg' shall be treated as localparam [/home/ubuntu/zuga-final/cv32e40p/rtl/include/cv32e40p_pkg.sv:58]
WARNING: [Synth 8-11067] parameter 'OPCODE_CUSTOM_1' declared inside package 'cv32e40p_pkg' shall be treated as localparam [/home/ubuntu/zuga-final/cv32e40p/rtl/include/cv32e40p_pkg.sv:59]
WARNING: [Synth 8-11067] parameter 'OPCODE_CUSTOM_2' declared inside package 'cv32e40p_pkg' shall be treated as localparam [/home/ubuntu/zuga-final/cv32e40p/rtl/include/cv32e40p_pkg.sv:60]
WARNING: [Synth 8-11067] parameter 'OPCODE_CUSTOM_3' declared inside package 'cv32e40p_pkg' shall be treated as localparam [/home/ubuntu/zuga-final/cv32e40p/rtl/include/cv32e40p_pkg.sv:61]
WARNING: [Synth 8-11067] parameter 'REGC_S1' declared inside package 'cv32e40p_pkg' shall be treated as localparam [/home/ubuntu/zuga-final/cv32e40p/rtl/include/cv32e40p_pkg.sv:63]
WARNING: [Synth 8-11067] parameter 'REGC_S4' declared inside package 'cv32e40p_pkg' shall be treated as localparam [/home/ubuntu/zuga-final/cv32e40p/rtl/include/cv32e40p_pkg.sv:64]
WARNING: [Synth 8-11067] parameter 'REGC_RD' declared inside package 'cv32e40p_pkg' shall be treated as localparam [/home/ubuntu/zuga-final/cv32e40p/rtl/include/cv32e40p_pkg.sv:65]
WARNING: [Synth 8-11067] parameter 'REGC_ZERO' declared inside package 'cv32e40p_pkg' shall be treated as localparam [/home/ubuntu/zuga-final/cv32e40p/rtl/include/cv32e40p_pkg.sv:66]
WARNING: [Synth 8-11067] parameter 'ALU_OP_WIDTH' declared inside package 'cv32e40p_pkg' shall be treated as localparam [/home/ubuntu/zuga-final/cv32e40p/rtl/include/cv32e40p_pkg.sv:77]
WARNING: [Synth 8-11067] parameter 'MUL_OP_WIDTH' declared inside package 'cv32e40p_pkg' shall be treated as localparam [/home/ubuntu/zuga-final/cv32e40p/rtl/include/cv32e40p_pkg.sv:163]
WARNING: [Synth 8-11067] parameter 'VEC_MODE32' declared inside package 'cv32e40p_pkg' shall be treated as localparam [/home/ubuntu/zuga-final/cv32e40p/rtl/include/cv32e40p_pkg.sv:178]
WARNING: [Synth 8-11067] parameter 'VEC_MODE16' declared inside package 'cv32e40p_pkg' shall be treated as localparam [/home/ubuntu/zuga-final/cv32e40p/rtl/include/cv32e40p_pkg.sv:179]
WARNING: [Synth 8-11067] parameter 'VEC_MODE8' declared inside package 'cv32e40p_pkg' shall be treated as localparam [/home/ubuntu/zuga-final/cv32e40p/rtl/include/cv32e40p_pkg.sv:180]
WARNING: [Synth 8-11067] parameter 'HAVERESET_INDEX' declared inside package 'cv32e40p_pkg' shall be treated as localparam [/home/ubuntu/zuga-final/cv32e40p/rtl/include/cv32e40p_pkg.sv:207]
WARNING: [Synth 8-11067] parameter 'RUNNING_INDEX' declared inside package 'cv32e40p_pkg' shall be treated as localparam [/home/ubuntu/zuga-final/cv32e40p/rtl/include/cv32e40p_pkg.sv:208]
WARNING: [Synth 8-11067] parameter 'HALTED_INDEX' declared inside package 'cv32e40p_pkg' shall be treated as localparam [/home/ubuntu/zuga-final/cv32e40p/rtl/include/cv32e40p_pkg.sv:209]
WARNING: [Synth 8-11067] parameter 'CSR_OP_WIDTH' declared inside package 'cv32e40p_pkg' shall be treated as localparam [/home/ubuntu/zuga-final/cv32e40p/rtl/include/cv32e40p_pkg.sv:510]
WARNING: [Synth 8-11067] parameter 'CSR_MSIX_BIT' declared inside package 'cv32e40p_pkg' shall be treated as localparam [/home/ubuntu/zuga-final/cv32e40p/rtl/include/cv32e40p_pkg.sv:520]
WARNING: [Synth 8-11067] parameter 'CSR_MTIX_BIT' declared inside package 'cv32e40p_pkg' shall be treated as localparam [/home/ubuntu/zuga-final/cv32e40p/rtl/include/cv32e40p_pkg.sv:521]
WARNING: [Synth 8-11067] parameter 'CSR_MEIX_BIT' declared inside package 'cv32e40p_pkg' shall be treated as localparam [/home/ubuntu/zuga-final/cv32e40p/rtl/include/cv32e40p_pkg.sv:522]
WARNING: [Synth 8-11067] parameter 'CSR_MFIX_BIT_LOW' declared inside package 'cv32e40p_pkg' shall be treated as localparam [/home/ubuntu/zuga-final/cv32e40p/rtl/include/cv32e40p_pkg.sv:523]
WARNING: [Synth 8-11067] parameter 'CSR_MFIX_BIT_HIGH' declared inside package 'cv32e40p_pkg' shall be treated as localparam [/home/ubuntu/zuga-final/cv32e40p/rtl/include/cv32e40p_pkg.sv:524]
WARNING: [Synth 8-11067] parameter 'SP_DVR0' declared inside package 'cv32e40p_pkg' shall be treated as localparam [/home/ubuntu/zuga-final/cv32e40p/rtl/include/cv32e40p_pkg.sv:527]
WARNING: [Synth 8-11067] parameter 'SP_DCR0' declared inside package 'cv32e40p_pkg' shall be treated as localparam [/home/ubuntu/zuga-final/cv32e40p/rtl/include/cv32e40p_pkg.sv:528]
WARNING: [Synth 8-11067] parameter 'SP_DMR1' declared inside package 'cv32e40p_pkg' shall be treated as localparam [/home/ubuntu/zuga-final/cv32e40p/rtl/include/cv32e40p_pkg.sv:529]
WARNING: [Synth 8-11067] parameter 'SP_DMR2' declared inside package 'cv32e40p_pkg' shall be treated as localparam [/home/ubuntu/zuga-final/cv32e40p/rtl/include/cv32e40p_pkg.sv:530]
WARNING: [Synth 8-11067] parameter 'SP_DVR_MSB' declared inside package 'cv32e40p_pkg' shall be treated as localparam [/home/ubuntu/zuga-final/cv32e40p/rtl/include/cv32e40p_pkg.sv:532]
WARNING: [Synth 8-11067] parameter 'SP_DCR_MSB' declared inside package 'cv32e40p_pkg' shall be treated as localparam [/home/ubuntu/zuga-final/cv32e40p/rtl/include/cv32e40p_pkg.sv:533]
WARNING: [Synth 8-11067] parameter 'SP_DMR_MSB' declared inside package 'cv32e40p_pkg' shall be treated as localparam [/home/ubuntu/zuga-final/cv32e40p/rtl/include/cv32e40p_pkg.sv:534]
WARNING: [Synth 8-11067] parameter 'SP_DSR_MSB' declared inside package 'cv32e40p_pkg' shall be treated as localparam [/home/ubuntu/zuga-final/cv32e40p/rtl/include/cv32e40p_pkg.sv:535]
WARNING: [Synth 8-11067] parameter 'MVENDORID_OFFSET' declared inside package 'cv32e40p_pkg' shall be treated as localparam [/home/ubuntu/zuga-final/cv32e40p/rtl/include/cv32e40p_pkg.sv:587]
WARNING: [Synth 8-11067] parameter 'MVENDORID_BANK' declared inside package 'cv32e40p_pkg' shall be treated as localparam [/home/ubuntu/zuga-final/cv32e40p/rtl/include/cv32e40p_pkg.sv:588]
WARNING: [Synth 8-11067] parameter 'MARCHID' declared inside package 'cv32e40p_pkg' shall be treated as localparam [/home/ubuntu/zuga-final/cv32e40p/rtl/include/cv32e40p_pkg.sv:591]
WARNING: [Synth 8-11067] parameter 'MHPMCOUNTER_WIDTH' declared inside package 'cv32e40p_pkg' shall be treated as localparam [/home/ubuntu/zuga-final/cv32e40p/rtl/include/cv32e40p_pkg.sv:593]
WARNING: [Synth 8-11067] parameter 'SEL_REGFILE' declared inside package 'cv32e40p_pkg' shall be treated as localparam [/home/ubuntu/zuga-final/cv32e40p/rtl/include/cv32e40p_pkg.sv:605]
WARNING: [Synth 8-11067] parameter 'SEL_FW_EX' declared inside package 'cv32e40p_pkg' shall be treated as localparam [/home/ubuntu/zuga-final/cv32e40p/rtl/include/cv32e40p_pkg.sv:606]
WARNING: [Synth 8-11067] parameter 'SEL_FW_WB' declared inside package 'cv32e40p_pkg' shall be treated as localparam [/home/ubuntu/zuga-final/cv32e40p/rtl/include/cv32e40p_pkg.sv:607]
WARNING: [Synth 8-11067] parameter 'OP_A_REGA_OR_FWD' declared inside package 'cv32e40p_pkg' shall be treated as localparam [/home/ubuntu/zuga-final/cv32e40p/rtl/include/cv32e40p_pkg.sv:610]
WARNING: [Synth 8-11067] parameter 'OP_A_CURRPC' declared inside package 'cv32e40p_pkg' shall be treated as localparam [/home/ubuntu/zuga-final/cv32e40p/rtl/include/cv32e40p_pkg.sv:611]
WARNING: [Synth 8-11067] parameter 'OP_A_IMM' declared inside package 'cv32e40p_pkg' shall be treated as localparam [/home/ubuntu/zuga-final/cv32e40p/rtl/include/cv32e40p_pkg.sv:612]
WARNING: [Synth 8-11067] parameter 'OP_A_REGB_OR_FWD' declared inside package 'cv32e40p_pkg' shall be treated as localparam [/home/ubuntu/zuga-final/cv32e40p/rtl/include/cv32e40p_pkg.sv:613]
WARNING: [Synth 8-11067] parameter 'OP_A_REGC_OR_FWD' declared inside package 'cv32e40p_pkg' shall be treated as localparam [/home/ubuntu/zuga-final/cv32e40p/rtl/include/cv32e40p_pkg.sv:614]
WARNING: [Synth 8-11067] parameter 'IMMA_Z' declared inside package 'cv32e40p_pkg' shall be treated as localparam [/home/ubuntu/zuga-final/cv32e40p/rtl/include/cv32e40p_pkg.sv:617]
WARNING: [Synth 8-11067] parameter 'IMMA_ZERO' declared inside package 'cv32e40p_pkg' shall be treated as localparam [/home/ubuntu/zuga-final/cv32e40p/rtl/include/cv32e40p_pkg.sv:618]
WARNING: [Synth 8-11067] parameter 'OP_B_REGB_OR_FWD' declared inside package 'cv32e40p_pkg' shall be treated as localparam [/home/ubuntu/zuga-final/cv32e40p/rtl/include/cv32e40p_pkg.sv:621]
WARNING: [Synth 8-11067] parameter 'OP_B_REGC_OR_FWD' declared inside package 'cv32e40p_pkg' shall be treated as localparam [/home/ubuntu/zuga-final/cv32e40p/rtl/include/cv32e40p_pkg.sv:622]
WARNING: [Synth 8-11067] parameter 'OP_B_IMM' declared inside package 'cv32e40p_pkg' shall be treated as localparam [/home/ubuntu/zuga-final/cv32e40p/rtl/include/cv32e40p_pkg.sv:623]
WARNING: [Synth 8-11067] parameter 'OP_B_REGA_OR_FWD' declared inside package 'cv32e40p_pkg' shall be treated as localparam [/home/ubuntu/zuga-final/cv32e40p/rtl/include/cv32e40p_pkg.sv:624]
WARNING: [Synth 8-11067] parameter 'OP_B_BMASK' declared inside package 'cv32e40p_pkg' shall be treated as localparam [/home/ubuntu/zuga-final/cv32e40p/rtl/include/cv32e40p_pkg.sv:625]
WARNING: [Synth 8-11067] parameter 'IMMB_I' declared inside package 'cv32e40p_pkg' shall be treated as localparam [/home/ubuntu/zuga-final/cv32e40p/rtl/include/cv32e40p_pkg.sv:628]
WARNING: [Synth 8-11067] parameter 'IMMB_S' declared inside package 'cv32e40p_pkg' shall be treated as localparam [/home/ubuntu/zuga-final/cv32e40p/rtl/include/cv32e40p_pkg.sv:629]
WARNING: [Synth 8-11067] parameter 'IMMB_U' declared inside package 'cv32e40p_pkg' shall be treated as localparam [/home/ubuntu/zuga-final/cv32e40p/rtl/include/cv32e40p_pkg.sv:630]
WARNING: [Synth 8-11067] parameter 'IMMB_PCINCR' declared inside package 'cv32e40p_pkg' shall be treated as localparam [/home/ubuntu/zuga-final/cv32e40p/rtl/include/cv32e40p_pkg.sv:631]
WARNING: [Synth 8-11067] parameter 'IMMB_S2' declared inside package 'cv32e40p_pkg' shall be treated as localparam [/home/ubuntu/zuga-final/cv32e40p/rtl/include/cv32e40p_pkg.sv:632]
WARNING: [Synth 8-11067] parameter 'IMMB_S3' declared inside package 'cv32e40p_pkg' shall be treated as localparam [/home/ubuntu/zuga-final/cv32e40p/rtl/include/cv32e40p_pkg.sv:633]
WARNING: [Synth 8-11067] parameter 'IMMB_VS' declared inside package 'cv32e40p_pkg' shall be treated as localparam [/home/ubuntu/zuga-final/cv32e40p/rtl/include/cv32e40p_pkg.sv:634]
WARNING: [Synth 8-11067] parameter 'IMMB_VU' declared inside package 'cv32e40p_pkg' shall be treated as localparam [/home/ubuntu/zuga-final/cv32e40p/rtl/include/cv32e40p_pkg.sv:635]
WARNING: [Synth 8-11067] parameter 'IMMB_SHUF' declared inside package 'cv32e40p_pkg' shall be treated as localparam [/home/ubuntu/zuga-final/cv32e40p/rtl/include/cv32e40p_pkg.sv:636]
WARNING: [Synth 8-11067] parameter 'IMMB_CLIP' declared inside package 'cv32e40p_pkg' shall be treated as localparam [/home/ubuntu/zuga-final/cv32e40p/rtl/include/cv32e40p_pkg.sv:637]
WARNING: [Synth 8-11067] parameter 'IMMB_BI' declared inside package 'cv32e40p_pkg' shall be treated as localparam [/home/ubuntu/zuga-final/cv32e40p/rtl/include/cv32e40p_pkg.sv:638]
WARNING: [Synth 8-11067] parameter 'BMASK_A_ZERO' declared inside package 'cv32e40p_pkg' shall be treated as localparam [/home/ubuntu/zuga-final/cv32e40p/rtl/include/cv32e40p_pkg.sv:641]
WARNING: [Synth 8-11067] parameter 'BMASK_A_S3' declared inside package 'cv32e40p_pkg' shall be treated as localparam [/home/ubuntu/zuga-final/cv32e40p/rtl/include/cv32e40p_pkg.sv:642]
WARNING: [Synth 8-11067] parameter 'BMASK_B_S2' declared inside package 'cv32e40p_pkg' shall be treated as localparam [/home/ubuntu/zuga-final/cv32e40p/rtl/include/cv32e40p_pkg.sv:644]
WARNING: [Synth 8-11067] parameter 'BMASK_B_S3' declared inside package 'cv32e40p_pkg' shall be treated as localparam [/home/ubuntu/zuga-final/cv32e40p/rtl/include/cv32e40p_pkg.sv:645]
WARNING: [Synth 8-11067] parameter 'BMASK_B_ZERO' declared inside package 'cv32e40p_pkg' shall be treated as localparam [/home/ubuntu/zuga-final/cv32e40p/rtl/include/cv32e40p_pkg.sv:646]
WARNING: [Synth 8-11067] parameter 'BMASK_B_ONE' declared inside package 'cv32e40p_pkg' shall be treated as localparam [/home/ubuntu/zuga-final/cv32e40p/rtl/include/cv32e40p_pkg.sv:647]
WARNING: [Synth 8-11067] parameter 'BMASK_A_REG' declared inside package 'cv32e40p_pkg' shall be treated as localparam [/home/ubuntu/zuga-final/cv32e40p/rtl/include/cv32e40p_pkg.sv:649]
WARNING: [Synth 8-11067] parameter 'BMASK_A_IMM' declared inside package 'cv32e40p_pkg' shall be treated as localparam [/home/ubuntu/zuga-final/cv32e40p/rtl/include/cv32e40p_pkg.sv:650]
WARNING: [Synth 8-11067] parameter 'BMASK_B_REG' declared inside package 'cv32e40p_pkg' shall be treated as localparam [/home/ubuntu/zuga-final/cv32e40p/rtl/include/cv32e40p_pkg.sv:651]
WARNING: [Synth 8-11067] parameter 'BMASK_B_IMM' declared inside package 'cv32e40p_pkg' shall be treated as localparam [/home/ubuntu/zuga-final/cv32e40p/rtl/include/cv32e40p_pkg.sv:652]
WARNING: [Synth 8-11067] parameter 'MIMM_ZERO' declared inside package 'cv32e40p_pkg' shall be treated as localparam [/home/ubuntu/zuga-final/cv32e40p/rtl/include/cv32e40p_pkg.sv:656]
WARNING: [Synth 8-11067] parameter 'MIMM_S3' declared inside package 'cv32e40p_pkg' shall be treated as localparam [/home/ubuntu/zuga-final/cv32e40p/rtl/include/cv32e40p_pkg.sv:657]
WARNING: [Synth 8-11067] parameter 'OP_C_REGC_OR_FWD' declared inside package 'cv32e40p_pkg' shall be treated as localparam [/home/ubuntu/zuga-final/cv32e40p/rtl/include/cv32e40p_pkg.sv:660]
WARNING: [Synth 8-11067] parameter 'OP_C_REGB_OR_FWD' declared inside package 'cv32e40p_pkg' shall be treated as localparam [/home/ubuntu/zuga-final/cv32e40p/rtl/include/cv32e40p_pkg.sv:661]
WARNING: [Synth 8-11067] parameter 'OP_C_JT' declared inside package 'cv32e40p_pkg' shall be treated as localparam [/home/ubuntu/zuga-final/cv32e40p/rtl/include/cv32e40p_pkg.sv:662]
WARNING: [Synth 8-11067] parameter 'BRANCH_NONE' declared inside package 'cv32e40p_pkg' shall be treated as localparam [/home/ubuntu/zuga-final/cv32e40p/rtl/include/cv32e40p_pkg.sv:665]
WARNING: [Synth 8-11067] parameter 'BRANCH_JAL' declared inside package 'cv32e40p_pkg' shall be treated as localparam [/home/ubuntu/zuga-final/cv32e40p/rtl/include/cv32e40p_pkg.sv:666]
WARNING: [Synth 8-11067] parameter 'BRANCH_JALR' declared inside package 'cv32e40p_pkg' shall be treated as localparam [/home/ubuntu/zuga-final/cv32e40p/rtl/include/cv32e40p_pkg.sv:667]
WARNING: [Synth 8-11067] parameter 'BRANCH_COND' declared inside package 'cv32e40p_pkg' shall be treated as localparam [/home/ubuntu/zuga-final/cv32e40p/rtl/include/cv32e40p_pkg.sv:668]
WARNING: [Synth 8-11067] parameter 'JT_JAL' declared inside package 'cv32e40p_pkg' shall be treated as localparam [/home/ubuntu/zuga-final/cv32e40p/rtl/include/cv32e40p_pkg.sv:671]
WARNING: [Synth 8-11067] parameter 'JT_JALR' declared inside package 'cv32e40p_pkg' shall be treated as localparam [/home/ubuntu/zuga-final/cv32e40p/rtl/include/cv32e40p_pkg.sv:672]
INFO: [Common 17-14] Message 'Synth 8-11067' appears 100 times and further instances of the messages will be disabled. Use the Tcl command set_msg_config to change the current settings.
WARNING: [Synth 8-6901] identifier 'rx_done_pulse' is used before its declaration [/home/ubuntu/zuga-final/rtl/uart_axi.sv:208]
ERROR: [Synth 8-2716] syntax error near '--' [/home/ubuntu/zuga-final/rtl/fpga_top_axi.sv:33]
INFO: [Synth 8-10285] module 'fpga_top_axi' is ignored due to previous errors [/home/ubuntu/zuga-final/rtl/fpga_top_axi.sv:75]
INFO: [Synth 8-9084] Verilog file '/home/ubuntu/zuga-final/rtl/fpga_top_axi.sv' ignored due to errors
ERROR: [Synth 8-12188] Failed to read verilog '/home/ubuntu/zuga-final/rtl/fpga_top_axi.sv'
---------------------------------------------------------------------------------
Finished RTL Elaboration : Time (s): cpu = 00:00:03 ; elapsed = 00:00:04 . Memory (MB): peak = 2380.688 ; gain = 566.531 ; free physical = 241 ; free virtual = 8475
---------------------------------------------------------------------------------
RTL Elaboration failed
INFO: [Common 17-83] Releasing license: Synthesis
9 Infos, 101 Warnings, 0 Critical Warnings and 3 Errors encountered.
synth_design failed
synth_design: Time (s): cpu = 00:00:06 ; elapsed = 00:00:07 . Memory (MB): peak = 2380.695 ; gain = 726.719 ; free physical = 249 ; free virtual = 8483
INFO: [Common 17-2834] synth_design peak Physical Memory [PSS] (MB): overall = 1658.655; main = 1416.717; forked = 241.938
INFO: [Common 17-2834] synth_design peak Virtual Memory [VSS] (MB): overall = 3382.980; main = 2380.691; forked = 1002.289
ERROR: [Common 17-69] Command failed: Synthesis failed - please see the console or run log file for details
INFO: [Common 17-206] Exiting Vivado at Wed Jul 29 10:37:07 2026...
