Copyright 1986-2022 Xilinx, Inc. All Rights Reserved. Copyright 2022-2025 Advanced Micro Devices, Inc. All Rights Reserved.
---------------------------------------------------------------------------------------------------------------------------------------------
| Tool Version : Vivado v.2025.2 (lin64) Build 6299465 Fri Nov 14 12:34:56 MST 2025
| Date         : Thu Jul 30 22:50:14 2026
| Host         : ubuntu-Lenovo-V15-G4-IAH running 64-bit Ubuntu 24.04.4 LTS
| Command      : report_drc -file build_fpga/drc.rpt
| Design       : fpga_top_axi
| Device       : xc7a200tsbg484-1
| Speed File   : -1
| Design State : Fully Routed
---------------------------------------------------------------------------------------------------------------------------------------------

Report DRC

Table of Contents
-----------------
1. REPORT SUMMARY
2. REPORT DETAILS

1. REPORT SUMMARY
-----------------
            Netlist: fpga_top_axi
          Floorplan: design_1
      Design limits: <entire design considered>
           Ruledeck: default
             Max checks: <unlimited>
             Checks found: 2
+--------+----------+---------------------------------+--------+
| Rule   | Severity | Description                     | Checks |
+--------+----------+---------------------------------+--------+
| RPBF-3 | Warning  | IO port buffering is incomplete | 2      |
+--------+----------+---------------------------------+--------+

2. REPORT DETAILS
-----------------
RPBF-3#1 Warning
IO port buffering is incomplete  
Device port i2c_scl expects both input and output buffering but the buffers are incomplete.
Related violations: <none>

RPBF-3#2 Warning
IO port buffering is incomplete  
Device port i2c_sda expects both input and output buffering but the buffers are incomplete.
Related violations: <none>


