Copyright 1986-2022 Xilinx, Inc. All Rights Reserved. Copyright 2022-2025 Advanced Micro Devices, Inc. All Rights Reserved.
---------------------------------------------------------------------------------------------------------------------------------------------
| Tool Version : Vivado v.2025.2 (lin64) Build 6299465 Fri Nov 14 12:34:56 MST 2025
| Date         : Sat Sep 19 12:07:11 2026
| Host         : ubuntu-Lenovo-V15-G4-IAH running 64-bit Ubuntu 24.04.4 LTS
| Command      : report_timing_summary -file build_fpga/timing_route.rpt
| Design       : fpga_top_axi
| Device       : 7a200t-sbg484
| Speed File   : -1  PRODUCTION 1.23 2018-06-13
| Design State : Routed
---------------------------------------------------------------------------------------------------------------------------------------------

Timing Summary Report

------------------------------------------------------------------------------------------------
| Timer Settings
| --------------
------------------------------------------------------------------------------------------------

  Enable Multi Corner Analysis               :  Yes
  Enable Pessimism Removal                   :  Yes
  Pessimism Removal Resolution               :  Nearest Common Node
  Enable Input Delay Default Clock           :  No
  Enable Preset / Clear Arcs                 :  No
  Disable Flight Delays                      :  No
  Ignore I/O Paths                           :  No
  Timing Early Launch at Borrowing Latches   :  No
  Borrow Time for Max Delay Exceptions       :  Yes
  Merge Timing Exceptions                    :  Yes
  Inter-SLR Compensation                     :  Conservative

  Corner  Analyze    Analyze    
  Name    Max Paths  Min Paths  
  ------  ---------  ---------  
  Slow    Yes        Yes        
  Fast    Yes        Yes        


------------------------------------------------------------------------------------------------
| Report Methodology
| ------------------
------------------------------------------------------------------------------------------------

No report available as report_methodology has not been run prior. Run report_methodology on the current design for the summary of methodology violations.



check_timing report

Table of Contents
-----------------
1. checking no_clock (0)
2. checking constant_clock (0)
3. checking pulse_width_clock (0)
4. checking unconstrained_internal_endpoints (0)
5. checking no_input_delay (8)
6. checking no_output_delay (12)
7. checking multiple_clock (0)
8. checking generated_clocks (0)
9. checking loops (0)
10. checking partial_input_delay (0)
11. checking partial_output_delay (0)
12. checking latch_loops (1)

1. checking no_clock (0)
------------------------
 There are 0 register/latch pins with no clock.


2. checking constant_clock (0)
------------------------------
 There are 0 register/latch pins with constant_clock.


3. checking pulse_width_clock (0)
---------------------------------
 There are 0 register/latch pins which need pulse_width check


4. checking unconstrained_internal_endpoints (0)
------------------------------------------------
 There are 0 pins that are not constrained for maximum delay.

 There are 0 pins that are not constrained for maximum delay due to constant clock.


5. checking no_input_delay (8)
------------------------------
 There are 8 input ports with no input delay specified. (HIGH)

 There are 0 input ports with no input delay but user has a false path constraint.


6. checking no_output_delay (12)
--------------------------------
 There are 12 ports with no output delay specified. (HIGH)

 There are 0 ports with no output delay but user has a false path constraint

 There are 0 ports with no output delay but with a timing clock defined on it or propagating through it


7. checking multiple_clock (0)
------------------------------
 There are 0 register/latch pins with multiple clocks.


8. checking generated_clocks (0)
--------------------------------
 There are 0 generated clocks that are not connected to a clock source.


9. checking loops (0)
---------------------
 There are 0 combinational loops in the design.


10. checking partial_input_delay (0)
------------------------------------
 There are 0 input ports with partial input delay specified.


11. checking partial_output_delay (0)
-------------------------------------
 There are 0 ports with partial output delay specified.


12. checking latch_loops (1)
----------------------------
 There is 1 combinational latch loop in the design through latch input (HIGH)



------------------------------------------------------------------------------------------------
| Design Timing Summary
| ---------------------
------------------------------------------------------------------------------------------------

    WNS(ns)      TNS(ns)  TNS Failing Endpoints  TNS Total Endpoints      WHS(ns)      THS(ns)  THS Failing Endpoints  THS Total Endpoints     WPWS(ns)     TPWS(ns)  TPWS Failing Endpoints  TPWS Total Endpoints  
    -------      -------  ---------------------  -------------------      -------      -------  ---------------------  -------------------     --------     --------  ----------------------  --------------------  
      7.802        0.000                      0                43604        0.024        0.000                      0                43604        4.500        0.000                       0                  7957  


All user specified timing constraints are met.


------------------------------------------------------------------------------------------------
| Clock Summary
| -------------
------------------------------------------------------------------------------------------------

Clock        Waveform(ns)       Period(ns)      Frequency(MHz)
-----        ------------       ----------      --------------
sys_clk_pin  {0.000 5.000}      10.000          100.000         
  clk_25     {0.000 20.000}     40.000          25.000          


------------------------------------------------------------------------------------------------
| Intra Clock Table
| -----------------
------------------------------------------------------------------------------------------------

Clock             WNS(ns)      TNS(ns)  TNS Failing Endpoints  TNS Total Endpoints      WHS(ns)      THS(ns)  THS Failing Endpoints  THS Total Endpoints     WPWS(ns)     TPWS(ns)  TPWS Failing Endpoints  TPWS Total Endpoints  
-----             -------      -------  ---------------------  -------------------      -------      -------  ---------------------  -------------------     --------     --------  ----------------------  --------------------  
sys_clk_pin         8.441        0.000                      0                    2        0.415        0.000                      0                    2        4.500        0.000                       0                     3  
  clk_25            8.646        0.000                      0                40067        0.024        0.000                      0                40067       18.750        0.000                       0                  7954  


------------------------------------------------------------------------------------------------
| Inter Clock Table
| -----------------
------------------------------------------------------------------------------------------------

From Clock    To Clock          WNS(ns)      TNS(ns)  TNS Failing Endpoints  TNS Total Endpoints      WHS(ns)      THS(ns)  THS Failing Endpoints  THS Total Endpoints  
----------    --------          -------      -------  ---------------------  -------------------      -------      -------  ---------------------  -------------------  
clk_25        sys_clk_pin         7.802        0.000                      0                    1        0.340        0.000                      0                    1  


------------------------------------------------------------------------------------------------
| Other Path Groups Table
| -----------------------
------------------------------------------------------------------------------------------------

Path Group         From Clock         To Clock               WNS(ns)      TNS(ns)  TNS Failing Endpoints  TNS Total Endpoints      WHS(ns)      THS(ns)  THS Failing Endpoints  THS Total Endpoints  
----------         ----------         --------               -------      -------  ---------------------  -------------------      -------      -------  ---------------------  -------------------  
**async_default**  clk_25             clk_25                  21.348        0.000                      0                 3535        0.732        0.000                      0                 3535  


------------------------------------------------------------------------------------------------
| Timing Details
| --------------
------------------------------------------------------------------------------------------------


---------------------------------------------------------------------------------------------------
From Clock:  sys_clk_pin
  To Clock:  sys_clk_pin

Setup :            0  Failing Endpoints,  Worst Slack        8.441ns,  Total Violation        0.000ns
Hold  :            0  Failing Endpoints,  Worst Slack        0.415ns,  Total Violation        0.000ns
PW    :            0  Failing Endpoints,  Worst Slack        4.500ns,  Total Violation        0.000ns
---------------------------------------------------------------------------------------------------


Max Delay Paths
--------------------------------------------------------------------------------------
Slack (MET) :             8.441ns  (required time - arrival time)
  Source:                 clk_div_reg[0]/C
                            (rising edge-triggered cell FDRE clocked by sys_clk_pin  {rise@0.000ns fall@5.000ns period=10.000ns})
  Destination:            clk_div_reg[0]/D
                            (rising edge-triggered cell FDRE clocked by sys_clk_pin  {rise@0.000ns fall@5.000ns period=10.000ns})
  Path Group:             sys_clk_pin
  Path Type:              Setup (Max at Slow Process Corner)
  Requirement:            10.000ns  (sys_clk_pin rise@10.000ns - sys_clk_pin rise@0.000ns)
  Data Path Delay:        1.553ns  (logic 0.580ns (37.345%)  route 0.973ns (62.655%))
  Logic Levels:           1  (LUT1=1)
  Clock Path Skew:        0.000ns (DCD - SCD + CPR)
    Destination Clock Delay (DCD):    5.019ns = ( 15.019 - 10.000 ) 
    Source Clock Delay      (SCD):    5.325ns
    Clock Pessimism Removal (CPR):    0.306ns
  Clock Uncertainty:      0.035ns  ((TSJ^2 + TIJ^2)^1/2 + DJ) / 2 + PE
    Total System Jitter     (TSJ):    0.071ns
    Total Input Jitter      (TIJ):    0.000ns
    Discrete Jitter          (DJ):    0.000ns
    Phase Error              (PE):    0.000ns

    Location             Delay type                Incr(ns)  Path(ns)    Netlist Resource(s)
  -------------------------------------------------------------------    -------------------
                         (clock sys_clk_pin rise edge)
                                                      0.000     0.000 r  
    R4                                                0.000     0.000 r  sysclk (IN)
                         net (fo=0)                   0.000     0.000    sysclk
    R4                   IBUF (Prop_ibuf_I_O)         1.475     1.475 r  sysclk_IBUF_inst/O
                         net (fo=1, routed)           2.114     3.589    sysclk_IBUF
    BUFGCTRL_X0Y2        BUFG (Prop_bufg_I_O)         0.096     3.685 r  sysclk_IBUF_BUFG_inst/O
                         net (fo=2, routed)           1.640     5.325    sysclk_IBUF_BUFG
    SLICE_X83Y146        FDRE                                         r  clk_div_reg[0]/C
  -------------------------------------------------------------------    -------------------
    SLICE_X83Y146        FDRE (Prop_fdre_C_Q)         0.456     5.781 f  clk_div_reg[0]/Q
                         net (fo=2, routed)           0.973     6.754    clk_div__0[0]
    SLICE_X83Y146        LUT1 (Prop_lut1_I0_O)        0.124     6.878 r  clk_div[0]_i_1/O
                         net (fo=1, routed)           0.000     6.878    clk_div[0]_i_1_n_0
    SLICE_X83Y146        FDRE                                         r  clk_div_reg[0]/D
  -------------------------------------------------------------------    -------------------

                         (clock sys_clk_pin rise edge)
                                                     10.000    10.000 r  
    R4                                                0.000    10.000 r  sysclk (IN)
                         net (fo=0)                   0.000    10.000    sysclk
    R4                   IBUF (Prop_ibuf_I_O)         1.405    11.405 r  sysclk_IBUF_inst/O
                         net (fo=1, routed)           2.004    13.409    sysclk_IBUF
    BUFGCTRL_X0Y2        BUFG (Prop_bufg_I_O)         0.091    13.500 r  sysclk_IBUF_BUFG_inst/O
                         net (fo=2, routed)           1.519    15.019    sysclk_IBUF_BUFG
    SLICE_X83Y146        FDRE                                         r  clk_div_reg[0]/C
                         clock pessimism              0.306    15.325    
                         clock uncertainty           -0.035    15.290    
    SLICE_X83Y146        FDRE (Setup_fdre_C_D)        0.029    15.319    clk_div_reg[0]
  -------------------------------------------------------------------
                         required time                         15.319    
                         arrival time                          -6.878    
  -------------------------------------------------------------------
                         slack                                  8.441    





Min Delay Paths
--------------------------------------------------------------------------------------
Slack (MET) :             0.415ns  (arrival time - required time)
  Source:                 clk_div_reg[0]/C
                            (rising edge-triggered cell FDRE clocked by sys_clk_pin  {rise@0.000ns fall@5.000ns period=10.000ns})
  Destination:            clk_div_reg[1]/D
                            (rising edge-triggered cell FDRE clocked by sys_clk_pin  {rise@0.000ns fall@5.000ns period=10.000ns})
  Path Group:             sys_clk_pin
  Path Type:              Hold (Min at Fast Process Corner)
  Requirement:            0.000ns  (sys_clk_pin rise@0.000ns - sys_clk_pin rise@0.000ns)
  Data Path Delay:        0.522ns  (logic 0.185ns (35.433%)  route 0.337ns (64.567%))
  Logic Levels:           1  (LUT2=1)
  Clock Path Skew:        0.000ns (DCD - SCD - CPR)
    Destination Clock Delay (DCD):    2.028ns
    Source Clock Delay      (SCD):    1.510ns
    Clock Pessimism Removal (CPR):    0.518ns

    Location             Delay type                Incr(ns)  Path(ns)    Netlist Resource(s)
  -------------------------------------------------------------------    -------------------
                         (clock sys_clk_pin rise edge)
                                                      0.000     0.000 r  
    R4                                                0.000     0.000 r  sysclk (IN)
                         net (fo=0)                   0.000     0.000    sysclk
    R4                   IBUF (Prop_ibuf_I_O)         0.243     0.243 r  sysclk_IBUF_inst/O
                         net (fo=1, routed)           0.676     0.919    sysclk_IBUF
    BUFGCTRL_X0Y2        BUFG (Prop_bufg_I_O)         0.026     0.945 r  sysclk_IBUF_BUFG_inst/O
                         net (fo=2, routed)           0.565     1.510    sysclk_IBUF_BUFG
    SLICE_X83Y146        FDRE                                         r  clk_div_reg[0]/C
  -------------------------------------------------------------------    -------------------
    SLICE_X83Y146        FDRE (Prop_fdre_C_Q)         0.141     1.651 r  clk_div_reg[0]/Q
                         net (fo=2, routed)           0.337     1.988    clk_div__0[0]
    SLICE_X83Y146        LUT2 (Prop_lut2_I0_O)        0.044     2.032 r  clk_div[1]_i_1/O
                         net (fo=1, routed)           0.000     2.032    clk_div[1]_i_1_n_0
    SLICE_X83Y146        FDRE                                         r  clk_div_reg[1]/D
  -------------------------------------------------------------------    -------------------

                         (clock sys_clk_pin rise edge)
                                                      0.000     0.000 r  
    R4                                                0.000     0.000 r  sysclk (IN)
                         net (fo=0)                   0.000     0.000    sysclk
    R4                   IBUF (Prop_ibuf_I_O)         0.431     0.431 r  sysclk_IBUF_inst/O
                         net (fo=1, routed)           0.734     1.165    sysclk_IBUF
    BUFGCTRL_X0Y2        BUFG (Prop_bufg_I_O)         0.029     1.194 r  sysclk_IBUF_BUFG_inst/O
                         net (fo=2, routed)           0.835     2.028    sysclk_IBUF_BUFG
    SLICE_X83Y146        FDRE                                         r  clk_div_reg[1]/C
                         clock pessimism             -0.518     1.510    
    SLICE_X83Y146        FDRE (Hold_fdre_C_D)         0.107     1.617    clk_div_reg[1]
  -------------------------------------------------------------------
                         required time                         -1.617    
                         arrival time                           2.032    
  -------------------------------------------------------------------
                         slack                                  0.415    





Pulse Width Checks
--------------------------------------------------------------------------------------
Clock Name:         sys_clk_pin
Waveform(ns):       { 0.000 5.000 }
Period(ns):         10.000
Sources:            { sysclk }

Check Type        Corner  Lib Pin  Reference Pin  Required(ns)  Actual(ns)  Slack(ns)  Location       Pin
Min Period        n/a     BUFG/I   n/a            2.155         10.000      7.845      BUFGCTRL_X0Y2  sysclk_IBUF_BUFG_inst/I
Low Pulse Width   Slow    FDRE/C   n/a            0.500         5.000       4.500      SLICE_X83Y146  clk_div_reg[0]/C
High Pulse Width  Slow    FDRE/C   n/a            0.500         5.000       4.500      SLICE_X83Y146  clk_div_reg[0]/C



---------------------------------------------------------------------------------------------------
From Clock:  clk_25
  To Clock:  clk_25

Setup :            0  Failing Endpoints,  Worst Slack        8.646ns,  Total Violation        0.000ns
Hold  :            0  Failing Endpoints,  Worst Slack        0.024ns,  Total Violation        0.000ns
PW    :            0  Failing Endpoints,  Worst Slack       18.750ns,  Total Violation        0.000ns
---------------------------------------------------------------------------------------------------


Max Delay Paths
--------------------------------------------------------------------------------------
Slack (MET) :             8.646ns  (required time - arrival time)
  Source:                 u_soc/u_core/id_stage_i/alu_operand_b_ex_o_reg[0]/C
                            (rising edge-triggered cell FDCE clocked by clk_25  {rise@0.000ns fall@20.000ns period=40.000ns})
  Destination:            u_soc/u_core/sleep_unit_i/core_clock_gate_i/clk_en_reg/D
                            (negative level-sensitive latch clocked by clk_25  {rise@0.000ns fall@20.000ns period=40.000ns})
  Path Group:             clk_25
  Path Type:              Setup (Max at Slow Process Corner)
  Requirement:            20.000ns  (clk_25 fall@20.000ns - clk_25 rise@0.000ns)
  Data Path Delay:        8.282ns  (logic 1.200ns (14.489%)  route 7.082ns (85.511%))
  Logic Levels:           6  (LUT3=3 LUT5=1 LUT6=2)
  Clock Path Skew:        -3.036ns (DCD - SCD + CPR)
    Destination Clock Delay (DCD):    7.758ns = ( 27.758 - 20.000 ) 
    Source Clock Delay      (SCD):    11.301ns
    Clock Pessimism Removal (CPR):    0.507ns
  Clock Uncertainty:      0.035ns  ((TSJ^2 + TIJ^2)^1/2 + DJ) / 2 + PE
    Total System Jitter     (TSJ):    0.071ns
    Total Input Jitter      (TIJ):    0.000ns
    Discrete Jitter          (DJ):    0.000ns
    Phase Error              (PE):    0.000ns

    Location             Delay type                Incr(ns)  Path(ns)    Netlist Resource(s)
  -------------------------------------------------------------------    -------------------
                         (clock clk_25 rise edge)     0.000     0.000 r  
    R4                                                0.000     0.000 r  sysclk (IN)
                         net (fo=0)                   0.000     0.000    sysclk
    R4                   IBUF (Prop_ibuf_I_O)         1.475     1.475 r  sysclk_IBUF_inst/O
                         net (fo=1, routed)           2.114     3.589    sysclk_IBUF
    BUFGCTRL_X0Y2        BUFG (Prop_bufg_I_O)         0.096     3.685 r  sysclk_IBUF_BUFG_inst/O
                         net (fo=2, routed)           1.640     5.325    sysclk_IBUF_BUFG
    SLICE_X83Y146        FDRE (Prop_fdre_C_Q)         0.419     5.744 r  clk_div_reg[1]/Q
                         net (fo=2, routed)           0.721     6.465    clk_div[1]
    BUFGCTRL_X0Y0        BUFG (Prop_bufg_I_O)         0.271     6.736 r  u_bufg_clk25/O
                         net (fo=5868, routed)        2.135     8.872    u_soc/u_core/sleep_unit_i/core_clock_gate_i/clk_25
    SLICE_X83Y146        LUT2 (Prop_lut2_I0_O)        0.124     8.996 r  u_soc/u_core/sleep_unit_i/core_clock_gate_i/cnt_q[1]_i_4/O
                         net (fo=1, routed)           0.556     9.551    u_soc_n_9
    BUFGCTRL_X0Y1        BUFG (Prop_bufg_I_O)         0.096     9.647 r  cnt_q_reg[1]_i_2/O
                         net (fo=2085, routed)        1.654    11.301    u_soc/u_core/id_stage_i/clk
    SLICE_X111Y173       FDCE                                         r  u_soc/u_core/id_stage_i/alu_operand_b_ex_o_reg[0]/C
  -------------------------------------------------------------------    -------------------
    SLICE_X111Y173       FDCE (Prop_fdce_C_Q)         0.456    11.757 r  u_soc/u_core/id_stage_i/alu_operand_b_ex_o_reg[0]/Q
                         net (fo=57, routed)          1.807    13.564    u_soc/u_core/id_stage_i/alu_operand_b_ex_o_reg[1]_0[0]
    SLICE_X120Y193       LUT3 (Prop_lut3_I1_O)        0.124    13.688 r  u_soc/u_core/id_stage_i/gen_mhpmcounter[0].gen_implemented.mhpmcounter_q[0][31]_i_4/O
                         net (fo=2, routed)           1.103    14.791    u_soc/u_core/id_stage_i/gen_mhpmcounter[0].gen_implemented.mhpmcounter_q[0][31]_i_4_n_0
    SLICE_X111Y195       LUT6 (Prop_lut6_I0_O)        0.124    14.915 r  u_soc/u_core/id_stage_i/gen_mcountinhibit[0].gen_implemented.mcountinhibit_q[0]_i_3/O
                         net (fo=2, routed)           0.457    15.371    u_soc/u_core/id_stage_i/controller_i/mcause_q[4]_i_3
    SLICE_X110Y192       LUT6 (Prop_lut6_I0_O)        0.124    15.495 r  u_soc/u_core/id_stage_i/controller_i/clock_en_i_3/O
                         net (fo=2, routed)           0.770    16.266    u_soc/u_core/id_stage_i/controller_i/csr_access_ex_o_reg_0
    SLICE_X114Y185       LUT5 (Prop_lut5_I1_O)        0.124    16.390 r  u_soc/u_core/id_stage_i/controller_i/clock_en_i_2/O
                         net (fo=1, routed)           0.723    17.113    u_soc/u_core/id_stage_i/controller_i/mie_bypass[16]
    SLICE_X122Y185       LUT3 (Prop_lut3_I0_O)        0.124    17.237 r  u_soc/u_core/id_stage_i/controller_i/clock_en_i_1/O
                         net (fo=4, routed)           0.473    17.710    u_soc/u_core/sleep_unit_i/wake_from_sleep
    SLICE_X123Y184       LUT3 (Prop_lut3_I2_O)        0.124    17.834 r  u_soc/u_core/sleep_unit_i/clock_en/O
                         net (fo=1, routed)           1.750    19.584    u_soc/u_core/sleep_unit_i/core_clock_gate_i/clock_en__0
    SLICE_X92Y167        LDCE                                         r  u_soc/u_core/sleep_unit_i/core_clock_gate_i/clk_en_reg/D
  -------------------------------------------------------------------    -------------------

                         (clock clk_25 fall edge)    20.000    20.000 r  
    R4                                                0.000    20.000 r  sysclk (IN)
                         net (fo=0)                   0.000    20.000    sysclk
    R4                   IBUF (Prop_ibuf_I_O)         1.405    21.405 r  sysclk_IBUF_inst/O
                         net (fo=1, routed)           2.004    23.409    sysclk_IBUF
    BUFGCTRL_X0Y2        BUFG (Prop_bufg_I_O)         0.091    23.500 r  sysclk_IBUF_BUFG_inst/O
                         net (fo=2, routed)           1.519    25.019    sysclk_IBUF_BUFG
    SLICE_X83Y146        FDRE (Prop_fdre_C_Q)         0.337    25.356 f  clk_div_reg[1]/Q
                         net (fo=2, routed)           0.641    25.997    clk_div[1]
    BUFGCTRL_X0Y0        BUFG (Prop_bufg_I_O)         0.232    26.229 f  u_bufg_clk25/O
                         net (fo=5868, routed)        1.529    27.758    u_soc/u_core/sleep_unit_i/core_clock_gate_i/clk_25
    SLICE_X92Y167        LDCE                                         r  u_soc/u_core/sleep_unit_i/core_clock_gate_i/clk_en_reg/G  (IS_INVERTED)
                         clock pessimism              0.507    28.265    
                         clock uncertainty           -0.035    28.230    
  -------------------------------------------------------------------
                         required time                         28.230    
                         arrival time                         -19.584    
  -------------------------------------------------------------------
                         slack                                  8.646    





Min Delay Paths
--------------------------------------------------------------------------------------
Slack (MET) :             0.024ns  (arrival time - required time)
  Source:                 u_soc/u_yz/mem_addr_reg[0]_rep__0/C
                            (rising edge-triggered cell FDCE clocked by clk_25  {rise@0.000ns fall@20.000ns period=40.000ns})
  Destination:            u_soc/u_yz/u_accel/wfc_reg_9280_9343_0_2/RAMA/WADR0
                            (rising edge-triggered cell RAMD64E clocked by clk_25  {rise@0.000ns fall@20.000ns period=40.000ns})
  Path Group:             clk_25
  Path Type:              Hold (Min at Fast Process Corner)
  Requirement:            0.000ns  (clk_25 rise@0.000ns - clk_25 rise@0.000ns)
  Data Path Delay:        0.347ns  (logic 0.141ns (40.606%)  route 0.206ns (59.394%))
  Logic Levels:           0  
  Clock Path Skew:        0.013ns (DCD - SCD - CPR)
    Destination Clock Delay (DCD):    3.444ns
    Source Clock Delay      (SCD):    2.575ns
    Clock Pessimism Removal (CPR):    0.856ns

    Location             Delay type                Incr(ns)  Path(ns)    Netlist Resource(s)
  -------------------------------------------------------------------    -------------------
                         (clock clk_25 rise edge)     0.000     0.000 r  
    R4                                                0.000     0.000 r  sysclk (IN)
                         net (fo=0)                   0.000     0.000    sysclk
    R4                   IBUF (Prop_ibuf_I_O)         0.243     0.243 r  sysclk_IBUF_inst/O
                         net (fo=1, routed)           0.676     0.919    sysclk_IBUF
    BUFGCTRL_X0Y2        BUFG (Prop_bufg_I_O)         0.026     0.945 r  sysclk_IBUF_BUFG_inst/O
                         net (fo=2, routed)           0.565     1.510    sysclk_IBUF_BUFG
    SLICE_X83Y146        FDRE (Prop_fdre_C_Q)         0.128     1.638 r  clk_div_reg[1]/Q
                         net (fo=2, routed)           0.276     1.914    clk_div[1]
    BUFGCTRL_X0Y0        BUFG (Prop_bufg_I_O)         0.080     1.994 r  u_bufg_clk25/O
                         net (fo=5868, routed)        0.581     2.575    u_soc/u_yz/clk_25
    SLICE_X109Y127       FDCE                                         r  u_soc/u_yz/mem_addr_reg[0]_rep__0/C
  -------------------------------------------------------------------    -------------------
    SLICE_X109Y127       FDCE (Prop_fdce_C_Q)         0.141     2.716 r  u_soc/u_yz/mem_addr_reg[0]_rep__0/Q
                         net (fo=320, routed)         0.206     2.922    u_soc/u_yz/u_accel/wfc_reg_9280_9343_0_2/ADDRD0
    SLICE_X108Y127       RAMD64E                                      r  u_soc/u_yz/u_accel/wfc_reg_9280_9343_0_2/RAMA/WADR0
  -------------------------------------------------------------------    -------------------

                         (clock clk_25 rise edge)     0.000     0.000 r  
    R4                                                0.000     0.000 r  sysclk (IN)
                         net (fo=0)                   0.000     0.000    sysclk
    R4                   IBUF (Prop_ibuf_I_O)         0.431     0.431 r  sysclk_IBUF_inst/O
                         net (fo=1, routed)           0.734     1.165    sysclk_IBUF
    BUFGCTRL_X0Y2        BUFG (Prop_bufg_I_O)         0.029     1.194 r  sysclk_IBUF_BUFG_inst/O
                         net (fo=2, routed)           0.835     2.028    sysclk_IBUF_BUFG
    SLICE_X83Y146        FDRE (Prop_fdre_C_Q)         0.160     2.188 r  clk_div_reg[1]/Q
                         net (fo=2, routed)           0.310     2.498    clk_div[1]
    BUFGCTRL_X0Y0        BUFG (Prop_bufg_I_O)         0.097     2.595 r  u_bufg_clk25/O
                         net (fo=5868, routed)        0.849     3.444    u_soc/u_yz/u_accel/wfc_reg_9280_9343_0_2/WCLK
    SLICE_X108Y127       RAMD64E                                      r  u_soc/u_yz/u_accel/wfc_reg_9280_9343_0_2/RAMA/CLK
                         clock pessimism             -0.856     2.588    
    SLICE_X108Y127       RAMD64E (Hold_ramd64e_CLK_WADR0)
                                                      0.310     2.898    u_soc/u_yz/u_accel/wfc_reg_9280_9343_0_2/RAMA
  -------------------------------------------------------------------
                         required time                         -2.898    
                         arrival time                           2.922    
  -------------------------------------------------------------------
                         slack                                  0.024    





Pulse Width Checks
--------------------------------------------------------------------------------------
Clock Name:         clk_25
Waveform(ns):       { 0.000 20.000 }
Period(ns):         40.000
Sources:            { clk_div_reg[1]/Q }

Check Type        Corner  Lib Pin             Reference Pin  Required(ns)  Actual(ns)  Slack(ns)  Location       Pin
Min Period        n/a     RAMB18E1/CLKARDCLK  n/a            2.944         40.000      37.056     RAMB18_X6Y64   u_soc/u_dram/u_sram/mem_reg/CLKARDCLK
Low Pulse Width   Slow    RAMD64E/CLK         n/a            1.250         20.000      18.750     SLICE_X90Y154  u_soc/u_yz/u_accel/actm_reg_0_63_0_2/RAMA/CLK
High Pulse Width  Slow    RAMD64E/CLK         n/a            1.250         20.000      18.750     SLICE_X90Y154  u_soc/u_yz/u_accel/actm_reg_0_63_0_2/RAMA/CLK



---------------------------------------------------------------------------------------------------
From Clock:  clk_25
  To Clock:  sys_clk_pin

Setup :            0  Failing Endpoints,  Worst Slack        7.802ns,  Total Violation        0.000ns
Hold  :            0  Failing Endpoints,  Worst Slack        0.340ns,  Total Violation        0.000ns
---------------------------------------------------------------------------------------------------


Max Delay Paths
--------------------------------------------------------------------------------------
Slack (MET) :             7.802ns  (required time - arrival time)
  Source:                 clk_div_reg[1]/Q
                            (clock source 'clk_25'  {rise@0.000ns fall@20.000ns period=40.000ns})
  Destination:            clk_div_reg[1]/D
                            (rising edge-triggered cell FDRE clocked by sys_clk_pin  {rise@0.000ns fall@5.000ns period=10.000ns})
  Path Group:             sys_clk_pin
  Path Type:              Setup (Max at Slow Process Corner)
  Requirement:            10.000ns  (sys_clk_pin rise@30.000ns - clk_25 fall@20.000ns)
  Data Path Delay:        1.697ns  (logic 0.327ns (19.266%)  route 1.370ns (80.734%))
  Logic Levels:           1  (LUT2=1)
  Clock Path Skew:        -0.540ns (DCD - SCD + CPR)
    Destination Clock Delay (DCD):    5.019ns = ( 35.019 - 30.000 ) 
    Source Clock Delay      (SCD):    5.744ns = ( 25.744 - 20.000 ) 
    Clock Pessimism Removal (CPR):    0.185ns
  Clock Uncertainty:      0.035ns  ((TSJ^2 + TIJ^2)^1/2 + DJ) / 2 + PE
    Total System Jitter     (TSJ):    0.071ns
    Total Input Jitter      (TIJ):    0.000ns
    Discrete Jitter          (DJ):    0.000ns
    Phase Error              (PE):    0.000ns

    Location             Delay type                Incr(ns)  Path(ns)    Netlist Resource(s)
  -------------------------------------------------------------------    -------------------
                         (clock clk_25 fall edge)    20.000    20.000 f  
    R4                                                0.000    20.000 r  sysclk (IN)
                         net (fo=0)                   0.000    20.000    sysclk
    R4                   IBUF (Prop_ibuf_I_O)         1.475    21.475 r  sysclk_IBUF_inst/O
                         net (fo=1, routed)           2.114    23.589    sysclk_IBUF
    BUFGCTRL_X0Y2        BUFG (Prop_bufg_I_O)         0.096    23.685 r  sysclk_IBUF_BUFG_inst/O
                         net (fo=2, routed)           1.640    25.325    sysclk_IBUF_BUFG
  -------------------------------------------------------------------    -------------------
    SLICE_X83Y146        FDRE (Prop_fdre_C_Q)         0.419    25.744 f  clk_div_reg[1]/Q
                         net (fo=2, routed)           1.370    27.114    clk_div[1]
    SLICE_X83Y146        LUT2 (Prop_lut2_I1_O)        0.327    27.441 r  clk_div[1]_i_1/O
                         net (fo=1, routed)           0.000    27.441    clk_div[1]_i_1_n_0
    SLICE_X83Y146        FDRE                                         r  clk_div_reg[1]/D
  -------------------------------------------------------------------    -------------------

                         (clock sys_clk_pin rise edge)
                                                     30.000    30.000 r  
    R4                                                0.000    30.000 r  sysclk (IN)
                         net (fo=0)                   0.000    30.000    sysclk
    R4                   IBUF (Prop_ibuf_I_O)         1.405    31.405 r  sysclk_IBUF_inst/O
                         net (fo=1, routed)           2.004    33.409    sysclk_IBUF
    BUFGCTRL_X0Y2        BUFG (Prop_bufg_I_O)         0.091    33.500 r  sysclk_IBUF_BUFG_inst/O
                         net (fo=2, routed)           1.519    35.019    sysclk_IBUF_BUFG
    SLICE_X83Y146        FDRE                                         r  clk_div_reg[1]/C
                         clock pessimism              0.185    35.204    
                         clock uncertainty           -0.035    35.169    
    SLICE_X83Y146        FDRE (Setup_fdre_C_D)        0.075    35.244    clk_div_reg[1]
  -------------------------------------------------------------------
                         required time                         35.244    
                         arrival time                         -27.441    
  -------------------------------------------------------------------
                         slack                                  7.802    





Min Delay Paths
--------------------------------------------------------------------------------------
Slack (MET) :             0.340ns  (arrival time - required time)
  Source:                 clk_div_reg[1]/Q
                            (clock source 'clk_25'  {rise@0.000ns fall@20.000ns period=40.000ns})
  Destination:            clk_div_reg[1]/D
                            (rising edge-triggered cell FDRE clocked by sys_clk_pin  {rise@0.000ns fall@5.000ns period=10.000ns})
  Path Group:             sys_clk_pin
  Path Type:              Hold (Min at Fast Process Corner)
  Requirement:            0.000ns  (sys_clk_pin rise@20.000ns - clk_25 fall@20.000ns)
  Data Path Delay:        0.589ns  (logic 0.098ns (16.629%)  route 0.491ns (83.371%))
  Logic Levels:           1  (LUT2=1)
  Clock Path Skew:        0.142ns (DCD - SCD - CPR)
    Destination Clock Delay (DCD):    2.028ns = ( 22.028 - 20.000 ) 
    Source Clock Delay      (SCD):    1.638ns = ( 21.638 - 20.000 ) 
    Clock Pessimism Removal (CPR):    0.248ns

    Location             Delay type                Incr(ns)  Path(ns)    Netlist Resource(s)
  -------------------------------------------------------------------    -------------------
                         (clock clk_25 fall edge)    20.000    20.000 f  
    R4                                                0.000    20.000 r  sysclk (IN)
                         net (fo=0)                   0.000    20.000    sysclk
    R4                   IBUF (Prop_ibuf_I_O)         0.243    20.243 r  sysclk_IBUF_inst/O
                         net (fo=1, routed)           0.676    20.919    sysclk_IBUF
    BUFGCTRL_X0Y2        BUFG (Prop_bufg_I_O)         0.026    20.945 r  sysclk_IBUF_BUFG_inst/O
                         net (fo=2, routed)           0.565    21.510    sysclk_IBUF_BUFG
  -------------------------------------------------------------------    -------------------
    SLICE_X83Y146        FDRE (Prop_fdre_C_Q)         0.128    21.638 f  clk_div_reg[1]/Q
                         net (fo=2, routed)           0.491    22.129    clk_div[1]
    SLICE_X83Y146        LUT2 (Prop_lut2_I1_O)        0.098    22.227 r  clk_div[1]_i_1/O
                         net (fo=1, routed)           0.000    22.227    clk_div[1]_i_1_n_0
    SLICE_X83Y146        FDRE                                         r  clk_div_reg[1]/D
  -------------------------------------------------------------------    -------------------

                         (clock sys_clk_pin rise edge)
                                                     20.000    20.000 r  
    R4                                                0.000    20.000 r  sysclk (IN)
                         net (fo=0)                   0.000    20.000    sysclk
    R4                   IBUF (Prop_ibuf_I_O)         0.431    20.431 r  sysclk_IBUF_inst/O
                         net (fo=1, routed)           0.734    21.165    sysclk_IBUF
    BUFGCTRL_X0Y2        BUFG (Prop_bufg_I_O)         0.029    21.194 r  sysclk_IBUF_BUFG_inst/O
                         net (fo=2, routed)           0.835    22.028    sysclk_IBUF_BUFG
    SLICE_X83Y146        FDRE                                         r  clk_div_reg[1]/C
                         clock pessimism             -0.248    21.780    
    SLICE_X83Y146        FDRE (Hold_fdre_C_D)         0.107    21.887    clk_div_reg[1]
  -------------------------------------------------------------------
                         required time                        -21.887    
                         arrival time                          22.227    
  -------------------------------------------------------------------
                         slack                                  0.340    





---------------------------------------------------------------------------------------------------
Path Group:  **async_default**
From Clock:  clk_25
  To Clock:  clk_25

Setup :            0  Failing Endpoints,  Worst Slack       21.348ns,  Total Violation        0.000ns
Hold  :            0  Failing Endpoints,  Worst Slack        0.732ns,  Total Violation        0.000ns
---------------------------------------------------------------------------------------------------


Max Delay Paths
--------------------------------------------------------------------------------------
Slack (MET) :             21.348ns  (required time - arrival time)
  Source:                 rst_n_clean_reg/C
                            (rising edge-triggered cell FDCE clocked by clk_25  {rise@0.000ns fall@20.000ns period=40.000ns})
  Destination:            u_soc/instr_rdata_reg[21]/CLR
                            (recovery check against rising-edge clock clk_25  {rise@0.000ns fall@20.000ns period=40.000ns})
  Path Group:             **async_default**
  Path Type:              Recovery (Max at Slow Process Corner)
  Requirement:            40.000ns  (clk_25 rise@40.000ns - clk_25 rise@0.000ns)
  Data Path Delay:        18.112ns  (logic 0.580ns (3.202%)  route 17.532ns (96.798%))
  Logic Levels:           1  (LUT1=1)
  Clock Path Skew:        -0.100ns (DCD - SCD + CPR)
    Destination Clock Delay (DCD):    7.789ns = ( 47.789 - 40.000 ) 
    Source Clock Delay      (SCD):    8.474ns
    Clock Pessimism Removal (CPR):    0.585ns
  Clock Uncertainty:      0.035ns  ((TSJ^2 + TIJ^2)^1/2 + DJ) / 2 + PE
    Total System Jitter     (TSJ):    0.071ns
    Total Input Jitter      (TIJ):    0.000ns
    Discrete Jitter          (DJ):    0.000ns
    Phase Error              (PE):    0.000ns

    Location             Delay type                Incr(ns)  Path(ns)    Netlist Resource(s)
  -------------------------------------------------------------------    -------------------
                         (clock clk_25 rise edge)     0.000     0.000 r  
    R4                                                0.000     0.000 r  sysclk (IN)
                         net (fo=0)                   0.000     0.000    sysclk
    R4                   IBUF (Prop_ibuf_I_O)         1.475     1.475 r  sysclk_IBUF_inst/O
                         net (fo=1, routed)           2.114     3.589    sysclk_IBUF
    BUFGCTRL_X0Y2        BUFG (Prop_bufg_I_O)         0.096     3.685 r  sysclk_IBUF_BUFG_inst/O
                         net (fo=2, routed)           1.640     5.325    sysclk_IBUF_BUFG
    SLICE_X83Y146        FDRE (Prop_fdre_C_Q)         0.419     5.744 r  clk_div_reg[1]/Q
                         net (fo=2, routed)           0.721     6.465    clk_div[1]
    BUFGCTRL_X0Y0        BUFG (Prop_bufg_I_O)         0.271     6.736 r  u_bufg_clk25/O
                         net (fo=5868, routed)        1.738     8.474    clk_25
    SLICE_X141Y162       FDCE                                         r  rst_n_clean_reg/C
  -------------------------------------------------------------------    -------------------
    SLICE_X141Y162       FDCE (Prop_fdce_C_Q)         0.456     8.930 r  rst_n_clean_reg/Q
                         net (fo=2, routed)           2.331    11.262    u_soc/u_core/id_stage_i/register_file_i/rst_n_clean
    SLICE_X135Y162       LUT1 (Prop_lut1_I0_O)        0.124    11.386 f  u_soc/u_core/id_stage_i/register_file_i/cnt_q[1]_i_3/O
                         net (fo=3518, routed)       15.200    26.586    u_soc/u_core_n_0
    SLICE_X139Y191       FDCE                                         f  u_soc/instr_rdata_reg[21]/CLR
  -------------------------------------------------------------------    -------------------

                         (clock clk_25 rise edge)    40.000    40.000 r  
    R4                                                0.000    40.000 r  sysclk (IN)
                         net (fo=0)                   0.000    40.000    sysclk
    R4                   IBUF (Prop_ibuf_I_O)         1.405    41.405 r  sysclk_IBUF_inst/O
                         net (fo=1, routed)           2.004    43.409    sysclk_IBUF
    BUFGCTRL_X0Y2        BUFG (Prop_bufg_I_O)         0.091    43.500 r  sysclk_IBUF_BUFG_inst/O
                         net (fo=2, routed)           1.519    45.019    sysclk_IBUF_BUFG
    SLICE_X83Y146        FDRE (Prop_fdre_C_Q)         0.337    45.356 r  clk_div_reg[1]/Q
                         net (fo=2, routed)           0.641    45.997    clk_div[1]
    BUFGCTRL_X0Y0        BUFG (Prop_bufg_I_O)         0.232    46.229 r  u_bufg_clk25/O
                         net (fo=5868, routed)        1.560    47.789    u_soc/clk_25
    SLICE_X139Y191       FDCE                                         r  u_soc/instr_rdata_reg[21]/C
                         clock pessimism              0.585    48.374    
                         clock uncertainty           -0.035    48.339    
    SLICE_X139Y191       FDCE (Recov_fdce_C_CLR)     -0.405    47.934    u_soc/instr_rdata_reg[21]
  -------------------------------------------------------------------
                         required time                         47.934    
                         arrival time                         -26.586    
  -------------------------------------------------------------------
                         slack                                 21.348    





Min Delay Paths
--------------------------------------------------------------------------------------
Slack (MET) :             0.732ns  (arrival time - required time)
  Source:                 rst_n_sync_reg/C
                            (rising edge-triggered cell FDRE clocked by clk_25  {rise@0.000ns fall@20.000ns period=40.000ns})
  Destination:            rst_cnt_reg[12]/CLR
                            (removal check against rising-edge clock clk_25  {rise@0.000ns fall@20.000ns period=40.000ns})
  Path Group:             **async_default**
  Path Type:              Removal (Min at Fast Process Corner)
  Requirement:            0.000ns  (clk_25 rise@0.000ns - clk_25 rise@0.000ns)
  Data Path Delay:        0.700ns  (logic 0.209ns (29.863%)  route 0.491ns (70.137%))
  Logic Levels:           1  (LUT1=1)
  Clock Path Skew:        0.035ns (DCD - SCD - CPR)
    Destination Clock Delay (DCD):    3.477ns
    Source Clock Delay      (SCD):    2.607ns
    Clock Pessimism Removal (CPR):    0.835ns

    Location             Delay type                Incr(ns)  Path(ns)    Netlist Resource(s)
  -------------------------------------------------------------------    -------------------
                         (clock clk_25 rise edge)     0.000     0.000 r  
    R4                                                0.000     0.000 r  sysclk (IN)
                         net (fo=0)                   0.000     0.000    sysclk
    R4                   IBUF (Prop_ibuf_I_O)         0.243     0.243 r  sysclk_IBUF_inst/O
                         net (fo=1, routed)           0.676     0.919    sysclk_IBUF
    BUFGCTRL_X0Y2        BUFG (Prop_bufg_I_O)         0.026     0.945 r  sysclk_IBUF_BUFG_inst/O
                         net (fo=2, routed)           0.565     1.510    sysclk_IBUF_BUFG
    SLICE_X83Y146        FDRE (Prop_fdre_C_Q)         0.128     1.638 r  clk_div_reg[1]/Q
                         net (fo=2, routed)           0.276     1.914    clk_div[1]
    BUFGCTRL_X0Y0        BUFG (Prop_bufg_I_O)         0.080     1.994 r  u_bufg_clk25/O
                         net (fo=5868, routed)        0.613     2.607    clk_25
    SLICE_X142Y165       FDRE                                         r  rst_n_sync_reg/C
  -------------------------------------------------------------------    -------------------
    SLICE_X142Y165       FDRE (Prop_fdre_C_Q)         0.164     2.771 r  rst_n_sync_reg/Q
                         net (fo=1, routed)           0.223     2.994    rst_n_sync
    SLICE_X142Y165       LUT1 (Prop_lut1_I0_O)        0.045     3.039 f  rst_n_clean_i_2/O
                         net (fo=17, routed)          0.268     3.307    rst_n_clean_i_2_n_0
    SLICE_X140Y165       FDCE                                         f  rst_cnt_reg[12]/CLR
  -------------------------------------------------------------------    -------------------

                         (clock clk_25 rise edge)     0.000     0.000 r  
    R4                                                0.000     0.000 r  sysclk (IN)
                         net (fo=0)                   0.000     0.000    sysclk
    R4                   IBUF (Prop_ibuf_I_O)         0.431     0.431 r  sysclk_IBUF_inst/O
                         net (fo=1, routed)           0.734     1.165    sysclk_IBUF
    BUFGCTRL_X0Y2        BUFG (Prop_bufg_I_O)         0.029     1.194 r  sysclk_IBUF_BUFG_inst/O
                         net (fo=2, routed)           0.835     2.028    sysclk_IBUF_BUFG
    SLICE_X83Y146        FDRE (Prop_fdre_C_Q)         0.160     2.188 r  clk_div_reg[1]/Q
                         net (fo=2, routed)           0.310     2.498    clk_div[1]
    BUFGCTRL_X0Y0        BUFG (Prop_bufg_I_O)         0.097     2.595 r  u_bufg_clk25/O
                         net (fo=5868, routed)        0.882     3.477    clk_25
    SLICE_X140Y165       FDCE                                         r  rst_cnt_reg[12]/C
                         clock pessimism             -0.835     2.642    
    SLICE_X140Y165       FDCE (Remov_fdce_C_CLR)     -0.067     2.575    rst_cnt_reg[12]
  -------------------------------------------------------------------
                         required time                         -2.575    
                         arrival time                           3.307    
  -------------------------------------------------------------------
                         slack                                  0.732    





