Copyright 1986-2022 Xilinx, Inc. All Rights Reserved. Copyright 2022-2025 Advanced Micro Devices, Inc. All Rights Reserved.
---------------------------------------------------------------------------------------------------------------------------------------------
| Tool Version : Vivado v.2025.2 (lin64) Build 6299465 Fri Nov 14 12:34:56 MST 2025
| Date         : Wed Sep 16 19:47:15 2026
| Host         : ubuntu-Lenovo-V15-G4-IAH running 64-bit Ubuntu 24.04.4 LTS
| Command      : report_timing_summary -file build_fpga/timing_route.rpt
| Design       : fpga_top_axi
| Device       : 7a200t-sbg484
| Speed File   : -1  PRODUCTION 1.23 2018-06-13
| Design State : Routed
---------------------------------------------------------------------------------------------------------------------------------------------

Timing Summary Report

------------------------------------------------------------------------------------------------
| Timer Settings
| --------------
------------------------------------------------------------------------------------------------

  Enable Multi Corner Analysis               :  Yes
  Enable Pessimism Removal                   :  Yes
  Pessimism Removal Resolution               :  Nearest Common Node
  Enable Input Delay Default Clock           :  No
  Enable Preset / Clear Arcs                 :  No
  Disable Flight Delays                      :  No
  Ignore I/O Paths                           :  No
  Timing Early Launch at Borrowing Latches   :  No
  Borrow Time for Max Delay Exceptions       :  Yes
  Merge Timing Exceptions                    :  Yes
  Inter-SLR Compensation                     :  Conservative

  Corner  Analyze    Analyze    
  Name    Max Paths  Min Paths  
  ------  ---------  ---------  
  Slow    Yes        Yes        
  Fast    Yes        Yes        


------------------------------------------------------------------------------------------------
| Report Methodology
| ------------------
------------------------------------------------------------------------------------------------

No report available as report_methodology has not been run prior. Run report_methodology on the current design for the summary of methodology violations.



check_timing report

Table of Contents
-----------------
1. checking no_clock (0)
2. checking constant_clock (0)
3. checking pulse_width_clock (0)
4. checking unconstrained_internal_endpoints (0)
5. checking no_input_delay (8)
6. checking no_output_delay (12)
7. checking multiple_clock (0)
8. checking generated_clocks (0)
9. checking loops (0)
10. checking partial_input_delay (0)
11. checking partial_output_delay (0)
12. checking latch_loops (1)

1. checking no_clock (0)
------------------------
 There are 0 register/latch pins with no clock.


2. checking constant_clock (0)
------------------------------
 There are 0 register/latch pins with constant_clock.


3. checking pulse_width_clock (0)
---------------------------------
 There are 0 register/latch pins which need pulse_width check


4. checking unconstrained_internal_endpoints (0)
------------------------------------------------
 There are 0 pins that are not constrained for maximum delay.

 There are 0 pins that are not constrained for maximum delay due to constant clock.


5. checking no_input_delay (8)
------------------------------
 There are 8 input ports with no input delay specified. (HIGH)

 There are 0 input ports with no input delay but user has a false path constraint.


6. checking no_output_delay (12)
--------------------------------
 There are 12 ports with no output delay specified. (HIGH)

 There are 0 ports with no output delay but user has a false path constraint

 There are 0 ports with no output delay but with a timing clock defined on it or propagating through it


7. checking multiple_clock (0)
------------------------------
 There are 0 register/latch pins with multiple clocks.


8. checking generated_clocks (0)
--------------------------------
 There are 0 generated clocks that are not connected to a clock source.


9. checking loops (0)
---------------------
 There are 0 combinational loops in the design.


10. checking partial_input_delay (0)
------------------------------------
 There are 0 input ports with partial input delay specified.


11. checking partial_output_delay (0)
-------------------------------------
 There are 0 ports with partial output delay specified.


12. checking latch_loops (1)
----------------------------
 There is 1 combinational latch loop in the design through latch input (HIGH)



------------------------------------------------------------------------------------------------
| Design Timing Summary
| ---------------------
------------------------------------------------------------------------------------------------

    WNS(ns)      TNS(ns)  TNS Failing Endpoints  TNS Total Endpoints      WHS(ns)      THS(ns)  THS Failing Endpoints  THS Total Endpoints     WPWS(ns)     TPWS(ns)  TPWS Failing Endpoints  TPWS Total Endpoints  
    -------      -------  ---------------------  -------------------      -------      -------  ---------------------  -------------------     --------     --------  ----------------------  --------------------  
      7.802        0.000                      0                43595        0.024        0.000                      0                43595        4.500        0.000                       0                  7954  


All user specified timing constraints are met.


------------------------------------------------------------------------------------------------
| Clock Summary
| -------------
------------------------------------------------------------------------------------------------

Clock        Waveform(ns)       Period(ns)      Frequency(MHz)
-----        ------------       ----------      --------------
sys_clk_pin  {0.000 5.000}      10.000          100.000         
  clk_25     {0.000 20.000}     40.000          25.000          


------------------------------------------------------------------------------------------------
| Intra Clock Table
| -----------------
------------------------------------------------------------------------------------------------

Clock             WNS(ns)      TNS(ns)  TNS Failing Endpoints  TNS Total Endpoints      WHS(ns)      THS(ns)  THS Failing Endpoints  THS Total Endpoints     WPWS(ns)     TPWS(ns)  TPWS Failing Endpoints  TPWS Total Endpoints  
-----             -------      -------  ---------------------  -------------------      -------      -------  ---------------------  -------------------     --------     --------  ----------------------  --------------------  
sys_clk_pin         8.607        0.000                      0                    2        0.353        0.000                      0                    2        4.500        0.000                       0                     3  
  clk_25            7.845        0.000                      0                40061        0.024        0.000                      0                40061       18.750        0.000                       0                  7951  


------------------------------------------------------------------------------------------------
| Inter Clock Table
| -----------------
------------------------------------------------------------------------------------------------

From Clock    To Clock          WNS(ns)      TNS(ns)  TNS Failing Endpoints  TNS Total Endpoints      WHS(ns)      THS(ns)  THS Failing Endpoints  THS Total Endpoints  
----------    --------          -------      -------  ---------------------  -------------------      -------      -------  ---------------------  -------------------  
clk_25        sys_clk_pin         7.802        0.000                      0                    1        0.340        0.000                      0                    1  


------------------------------------------------------------------------------------------------
| Other Path Groups Table
| -----------------------
------------------------------------------------------------------------------------------------

Path Group         From Clock         To Clock               WNS(ns)      TNS(ns)  TNS Failing Endpoints  TNS Total Endpoints      WHS(ns)      THS(ns)  THS Failing Endpoints  THS Total Endpoints  
----------         ----------         --------               -------      -------  ---------------------  -------------------      -------      -------  ---------------------  -------------------  
**async_default**  clk_25             clk_25                  16.415        0.000                      0                 3532        0.637        0.000                      0                 3532  


------------------------------------------------------------------------------------------------
| Timing Details
| --------------
------------------------------------------------------------------------------------------------


---------------------------------------------------------------------------------------------------
From Clock:  sys_clk_pin
  To Clock:  sys_clk_pin

Setup :            0  Failing Endpoints,  Worst Slack        8.607ns,  Total Violation        0.000ns
Hold  :            0  Failing Endpoints,  Worst Slack        0.353ns,  Total Violation        0.000ns
PW    :            0  Failing Endpoints,  Worst Slack        4.500ns,  Total Violation        0.000ns
---------------------------------------------------------------------------------------------------


Max Delay Paths
--------------------------------------------------------------------------------------
Slack (MET) :             8.607ns  (required time - arrival time)
  Source:                 clk_div_reg[0]/C
                            (rising edge-triggered cell FDRE clocked by sys_clk_pin  {rise@0.000ns fall@5.000ns period=10.000ns})
  Destination:            clk_div_reg[0]/D
                            (rising edge-triggered cell FDRE clocked by sys_clk_pin  {rise@0.000ns fall@5.000ns period=10.000ns})
  Path Group:             sys_clk_pin
  Path Type:              Setup (Max at Slow Process Corner)
  Requirement:            10.000ns  (sys_clk_pin rise@10.000ns - sys_clk_pin rise@0.000ns)
  Data Path Delay:        1.386ns  (logic 0.580ns (41.842%)  route 0.806ns (58.158%))
  Logic Levels:           1  (LUT1=1)
  Clock Path Skew:        0.000ns (DCD - SCD + CPR)
    Destination Clock Delay (DCD):    5.019ns = ( 15.019 - 10.000 ) 
    Source Clock Delay      (SCD):    5.325ns
    Clock Pessimism Removal (CPR):    0.306ns
  Clock Uncertainty:      0.035ns  ((TSJ^2 + TIJ^2)^1/2 + DJ) / 2 + PE
    Total System Jitter     (TSJ):    0.071ns
    Total Input Jitter      (TIJ):    0.000ns
    Discrete Jitter          (DJ):    0.000ns
    Phase Error              (PE):    0.000ns

    Location             Delay type                Incr(ns)  Path(ns)    Netlist Resource(s)
  -------------------------------------------------------------------    -------------------
                         (clock sys_clk_pin rise edge)
                                                      0.000     0.000 r  
    R4                                                0.000     0.000 r  sysclk (IN)
                         net (fo=0)                   0.000     0.000    sysclk
    R4                   IBUF (Prop_ibuf_I_O)         1.475     1.475 r  sysclk_IBUF_inst/O
                         net (fo=1, routed)           2.114     3.589    sysclk_IBUF
    BUFGCTRL_X0Y2        BUFG (Prop_bufg_I_O)         0.096     3.685 r  sysclk_IBUF_BUFG_inst/O
                         net (fo=2, routed)           1.640     5.325    sysclk_IBUF_BUFG
    SLICE_X83Y146        FDRE                                         r  clk_div_reg[0]/C
  -------------------------------------------------------------------    -------------------
    SLICE_X83Y146        FDRE (Prop_fdre_C_Q)         0.456     5.781 f  clk_div_reg[0]/Q
                         net (fo=2, routed)           0.806     6.587    clk_div__0[0]
    SLICE_X83Y146        LUT1 (Prop_lut1_I0_O)        0.124     6.711 r  clk_div[0]_i_1/O
                         net (fo=1, routed)           0.000     6.711    clk_div[0]_i_1_n_0
    SLICE_X83Y146        FDRE                                         r  clk_div_reg[0]/D
  -------------------------------------------------------------------    -------------------

                         (clock sys_clk_pin rise edge)
                                                     10.000    10.000 r  
    R4                                                0.000    10.000 r  sysclk (IN)
                         net (fo=0)                   0.000    10.000    sysclk
    R4                   IBUF (Prop_ibuf_I_O)         1.405    11.405 r  sysclk_IBUF_inst/O
                         net (fo=1, routed)           2.004    13.409    sysclk_IBUF
    BUFGCTRL_X0Y2        BUFG (Prop_bufg_I_O)         0.091    13.500 r  sysclk_IBUF_BUFG_inst/O
                         net (fo=2, routed)           1.519    15.019    sysclk_IBUF_BUFG
    SLICE_X83Y146        FDRE                                         r  clk_div_reg[0]/C
                         clock pessimism              0.306    15.325    
                         clock uncertainty           -0.035    15.290    
    SLICE_X83Y146        FDRE (Setup_fdre_C_D)        0.029    15.319    clk_div_reg[0]
  -------------------------------------------------------------------
                         required time                         15.319    
                         arrival time                          -6.711    
  -------------------------------------------------------------------
                         slack                                  8.607    





Min Delay Paths
--------------------------------------------------------------------------------------
Slack (MET) :             0.353ns  (arrival time - required time)
  Source:                 clk_div_reg[0]/C
                            (rising edge-triggered cell FDRE clocked by sys_clk_pin  {rise@0.000ns fall@5.000ns period=10.000ns})
  Destination:            clk_div_reg[1]/D
                            (rising edge-triggered cell FDRE clocked by sys_clk_pin  {rise@0.000ns fall@5.000ns period=10.000ns})
  Path Group:             sys_clk_pin
  Path Type:              Hold (Min at Fast Process Corner)
  Requirement:            0.000ns  (sys_clk_pin rise@0.000ns - sys_clk_pin rise@0.000ns)
  Data Path Delay:        0.460ns  (logic 0.185ns (40.202%)  route 0.275ns (59.798%))
  Logic Levels:           1  (LUT2=1)
  Clock Path Skew:        0.000ns (DCD - SCD - CPR)
    Destination Clock Delay (DCD):    2.028ns
    Source Clock Delay      (SCD):    1.510ns
    Clock Pessimism Removal (CPR):    0.518ns

    Location             Delay type                Incr(ns)  Path(ns)    Netlist Resource(s)
  -------------------------------------------------------------------    -------------------
                         (clock sys_clk_pin rise edge)
                                                      0.000     0.000 r  
    R4                                                0.000     0.000 r  sysclk (IN)
                         net (fo=0)                   0.000     0.000    sysclk
    R4                   IBUF (Prop_ibuf_I_O)         0.243     0.243 r  sysclk_IBUF_inst/O
                         net (fo=1, routed)           0.676     0.919    sysclk_IBUF
    BUFGCTRL_X0Y2        BUFG (Prop_bufg_I_O)         0.026     0.945 r  sysclk_IBUF_BUFG_inst/O
                         net (fo=2, routed)           0.565     1.510    sysclk_IBUF_BUFG
    SLICE_X83Y146        FDRE                                         r  clk_div_reg[0]/C
  -------------------------------------------------------------------    -------------------
    SLICE_X83Y146        FDRE (Prop_fdre_C_Q)         0.141     1.651 r  clk_div_reg[0]/Q
                         net (fo=2, routed)           0.275     1.926    clk_div__0[0]
    SLICE_X83Y146        LUT2 (Prop_lut2_I0_O)        0.044     1.970 r  clk_div[1]_i_1/O
                         net (fo=1, routed)           0.000     1.970    clk_div[1]_i_1_n_0
    SLICE_X83Y146        FDRE                                         r  clk_div_reg[1]/D
  -------------------------------------------------------------------    -------------------

                         (clock sys_clk_pin rise edge)
                                                      0.000     0.000 r  
    R4                                                0.000     0.000 r  sysclk (IN)
                         net (fo=0)                   0.000     0.000    sysclk
    R4                   IBUF (Prop_ibuf_I_O)         0.431     0.431 r  sysclk_IBUF_inst/O
                         net (fo=1, routed)           0.734     1.165    sysclk_IBUF
    BUFGCTRL_X0Y2        BUFG (Prop_bufg_I_O)         0.029     1.194 r  sysclk_IBUF_BUFG_inst/O
                         net (fo=2, routed)           0.835     2.028    sysclk_IBUF_BUFG
    SLICE_X83Y146        FDRE                                         r  clk_div_reg[1]/C
                         clock pessimism             -0.518     1.510    
    SLICE_X83Y146        FDRE (Hold_fdre_C_D)         0.107     1.617    clk_div_reg[1]
  -------------------------------------------------------------------
                         required time                         -1.617    
                         arrival time                           1.970    
  -------------------------------------------------------------------
                         slack                                  0.353    





Pulse Width Checks
--------------------------------------------------------------------------------------
Clock Name:         sys_clk_pin
Waveform(ns):       { 0.000 5.000 }
Period(ns):         10.000
Sources:            { sysclk }

Check Type        Corner  Lib Pin  Reference Pin  Required(ns)  Actual(ns)  Slack(ns)  Location       Pin
Min Period        n/a     BUFG/I   n/a            2.155         10.000      7.845      BUFGCTRL_X0Y2  sysclk_IBUF_BUFG_inst/I
Low Pulse Width   Slow    FDRE/C   n/a            0.500         5.000       4.500      SLICE_X83Y146  clk_div_reg[0]/C
High Pulse Width  Slow    FDRE/C   n/a            0.500         5.000       4.500      SLICE_X83Y146  clk_div_reg[0]/C



---------------------------------------------------------------------------------------------------
From Clock:  clk_25
  To Clock:  clk_25

Setup :            0  Failing Endpoints,  Worst Slack        7.845ns,  Total Violation        0.000ns
Hold  :            0  Failing Endpoints,  Worst Slack        0.024ns,  Total Violation        0.000ns
PW    :            0  Failing Endpoints,  Worst Slack       18.750ns,  Total Violation        0.000ns
---------------------------------------------------------------------------------------------------


Max Delay Paths
--------------------------------------------------------------------------------------
Slack (MET) :             7.845ns  (required time - arrival time)
  Source:                 u_soc/u_core/id_stage_i/alu_operand_b_ex_o_reg[6]/C
                            (rising edge-triggered cell FDCE clocked by clk_25  {rise@0.000ns fall@20.000ns period=40.000ns})
  Destination:            u_soc/u_core/sleep_unit_i/core_clock_gate_i/clk_en_reg/D
                            (negative level-sensitive latch clocked by clk_25  {rise@0.000ns fall@20.000ns period=40.000ns})
  Path Group:             clk_25
  Path Type:              Setup (Max at Slow Process Corner)
  Requirement:            20.000ns  (clk_25 fall@20.000ns - clk_25 rise@0.000ns)
  Data Path Delay:        9.059ns  (logic 1.430ns (15.786%)  route 7.629ns (84.214%))
  Logic Levels:           6  (LUT3=2 LUT5=2 LUT6=2)
  Clock Path Skew:        -3.060ns (DCD - SCD + CPR)
    Destination Clock Delay (DCD):    7.741ns = ( 27.741 - 20.000 ) 
    Source Clock Delay      (SCD):    11.308ns
    Clock Pessimism Removal (CPR):    0.507ns
  Clock Uncertainty:      0.035ns  ((TSJ^2 + TIJ^2)^1/2 + DJ) / 2 + PE
    Total System Jitter     (TSJ):    0.071ns
    Total Input Jitter      (TIJ):    0.000ns
    Discrete Jitter          (DJ):    0.000ns
    Phase Error              (PE):    0.000ns

    Location             Delay type                Incr(ns)  Path(ns)    Netlist Resource(s)
  -------------------------------------------------------------------    -------------------
                         (clock clk_25 rise edge)     0.000     0.000 r  
    R4                                                0.000     0.000 r  sysclk (IN)
                         net (fo=0)                   0.000     0.000    sysclk
    R4                   IBUF (Prop_ibuf_I_O)         1.475     1.475 r  sysclk_IBUF_inst/O
                         net (fo=1, routed)           2.114     3.589    sysclk_IBUF
    BUFGCTRL_X0Y2        BUFG (Prop_bufg_I_O)         0.096     3.685 r  sysclk_IBUF_BUFG_inst/O
                         net (fo=2, routed)           1.640     5.325    sysclk_IBUF_BUFG
    SLICE_X83Y146        FDRE (Prop_fdre_C_Q)         0.419     5.744 r  clk_div_reg[1]/Q
                         net (fo=2, routed)           0.721     6.465    clk_div[1]
    BUFGCTRL_X0Y0        BUFG (Prop_bufg_I_O)         0.271     6.736 r  u_bufg_clk25/O
                         net (fo=5868, routed)        2.135     8.872    u_soc/u_core/sleep_unit_i/core_clock_gate_i/clk_25
    SLICE_X83Y146        LUT2 (Prop_lut2_I0_O)        0.124     8.996 r  u_soc/u_core/sleep_unit_i/core_clock_gate_i/cnt_q[1]_i_4/O
                         net (fo=1, routed)           0.556     9.551    u_soc_n_9
    BUFGCTRL_X0Y1        BUFG (Prop_bufg_I_O)         0.096     9.647 r  cnt_q_reg[1]_i_2/O
                         net (fo=2082, routed)        1.661    11.308    u_soc/u_core/id_stage_i/clk
    SLICE_X109Y181       FDCE                                         r  u_soc/u_core/id_stage_i/alu_operand_b_ex_o_reg[6]/C
  -------------------------------------------------------------------    -------------------
    SLICE_X109Y181       FDCE (Prop_fdce_C_Q)         0.456    11.764 r  u_soc/u_core/id_stage_i/alu_operand_b_ex_o_reg[6]/Q
                         net (fo=26, routed)          2.108    13.872    u_soc/u_core/id_stage_i/alu_operand_b_ex[6]
    SLICE_X103Y195       LUT5 (Prop_lut5_I0_O)        0.152    14.024 r  u_soc/u_core/id_stage_i/mie_q[31]_i_3/O
                         net (fo=4, routed)           0.879    14.903    u_soc/u_core/id_stage_i/mie_q[31]_i_3_n_0
    SLICE_X106Y196       LUT6 (Prop_lut6_I2_O)        0.326    15.229 r  u_soc/u_core/id_stage_i/gen_mcountinhibit[0].gen_implemented.mcountinhibit_q[0]_i_3/O
                         net (fo=2, routed)           0.302    15.531    u_soc/u_core/id_stage_i/controller_i/trans_addr_q[2]_i_6
    SLICE_X107Y196       LUT6 (Prop_lut6_I0_O)        0.124    15.655 r  u_soc/u_core/id_stage_i/controller_i/clock_en_i_3/O
                         net (fo=2, routed)           0.670    16.325    u_soc/u_core/id_stage_i/controller_i/csr_access_ex_o_reg_0
    SLICE_X112Y190       LUT5 (Prop_lut5_I1_O)        0.124    16.449 r  u_soc/u_core/id_stage_i/controller_i/clock_en_i_2/O
                         net (fo=1, routed)           0.593    17.042    u_soc/u_core/id_stage_i/controller_i/mie_bypass[16]
    SLICE_X122Y190       LUT3 (Prop_lut3_I0_O)        0.124    17.166 r  u_soc/u_core/id_stage_i/controller_i/clock_en_i_1/O
                         net (fo=4, routed)           0.623    17.789    u_soc/u_core/sleep_unit_i/wake_from_sleep
    SLICE_X127Y189       LUT3 (Prop_lut3_I2_O)        0.124    17.913 r  u_soc/u_core/sleep_unit_i/clock_en/O
                         net (fo=1, routed)           2.455    20.367    u_soc/u_core/sleep_unit_i/core_clock_gate_i/clock_en__0
    SLICE_X86Y164        LDCE                                         r  u_soc/u_core/sleep_unit_i/core_clock_gate_i/clk_en_reg/D
  -------------------------------------------------------------------    -------------------

                         (clock clk_25 fall edge)    20.000    20.000 r  
    R4                                                0.000    20.000 r  sysclk (IN)
                         net (fo=0)                   0.000    20.000    sysclk
    R4                   IBUF (Prop_ibuf_I_O)         1.405    21.405 r  sysclk_IBUF_inst/O
                         net (fo=1, routed)           2.004    23.409    sysclk_IBUF
    BUFGCTRL_X0Y2        BUFG (Prop_bufg_I_O)         0.091    23.500 r  sysclk_IBUF_BUFG_inst/O
                         net (fo=2, routed)           1.519    25.019    sysclk_IBUF_BUFG
    SLICE_X83Y146        FDRE (Prop_fdre_C_Q)         0.337    25.356 f  clk_div_reg[1]/Q
                         net (fo=2, routed)           0.641    25.997    clk_div[1]
    BUFGCTRL_X0Y0        BUFG (Prop_bufg_I_O)         0.232    26.229 f  u_bufg_clk25/O
                         net (fo=5868, routed)        1.512    27.741    u_soc/u_core/sleep_unit_i/core_clock_gate_i/clk_25
    SLICE_X86Y164        LDCE                                         r  u_soc/u_core/sleep_unit_i/core_clock_gate_i/clk_en_reg/G  (IS_INVERTED)
                         clock pessimism              0.507    28.248    
                         clock uncertainty           -0.035    28.213    
  -------------------------------------------------------------------
                         required time                         28.213    
                         arrival time                         -20.367    
  -------------------------------------------------------------------
                         slack                                  7.845    





Min Delay Paths
--------------------------------------------------------------------------------------
Slack (MET) :             0.024ns  (arrival time - required time)
  Source:                 u_soc/u_i2c/rx_buf_q_reg[8]/C
                            (rising edge-triggered cell FDCE clocked by clk_25  {rise@0.000ns fall@20.000ns period=40.000ns})
  Destination:            u_soc/u_i2c/rdr_q_reg[8]/D
                            (rising edge-triggered cell FDRE clocked by clk_25  {rise@0.000ns fall@20.000ns period=40.000ns})
  Path Group:             clk_25
  Path Type:              Hold (Min at Fast Process Corner)
  Requirement:            0.000ns  (clk_25 rise@0.000ns - clk_25 rise@0.000ns)
  Data Path Delay:        0.304ns  (logic 0.148ns (48.724%)  route 0.156ns (51.276%))
  Logic Levels:           0  
  Clock Path Skew:        0.261ns (DCD - SCD - CPR)
    Destination Clock Delay (DCD):    3.419ns
    Source Clock Delay      (SCD):    2.552ns
    Clock Pessimism Removal (CPR):    0.606ns

    Location             Delay type                Incr(ns)  Path(ns)    Netlist Resource(s)
  -------------------------------------------------------------------    -------------------
                         (clock clk_25 rise edge)     0.000     0.000 r  
    R4                                                0.000     0.000 r  sysclk (IN)
                         net (fo=0)                   0.000     0.000    sysclk
    R4                   IBUF (Prop_ibuf_I_O)         0.243     0.243 r  sysclk_IBUF_inst/O
                         net (fo=1, routed)           0.676     0.919    sysclk_IBUF
    BUFGCTRL_X0Y2        BUFG (Prop_bufg_I_O)         0.026     0.945 r  sysclk_IBUF_BUFG_inst/O
                         net (fo=2, routed)           0.565     1.510    sysclk_IBUF_BUFG
    SLICE_X83Y146        FDRE (Prop_fdre_C_Q)         0.128     1.638 r  clk_div_reg[1]/Q
                         net (fo=2, routed)           0.276     1.914    clk_div[1]
    BUFGCTRL_X0Y0        BUFG (Prop_bufg_I_O)         0.080     1.994 r  u_bufg_clk25/O
                         net (fo=5868, routed)        0.558     2.552    u_soc/u_i2c/clk_25
    SLICE_X84Y182        FDCE                                         r  u_soc/u_i2c/rx_buf_q_reg[8]/C
  -------------------------------------------------------------------    -------------------
    SLICE_X84Y182        FDCE (Prop_fdce_C_Q)         0.148     2.700 r  u_soc/u_i2c/rx_buf_q_reg[8]/Q
                         net (fo=1, routed)           0.156     2.856    u_soc/u_i2c/rx_buf_q[8]
    SLICE_X83Y181        FDRE                                         r  u_soc/u_i2c/rdr_q_reg[8]/D
  -------------------------------------------------------------------    -------------------

                         (clock clk_25 rise edge)     0.000     0.000 r  
    R4                                                0.000     0.000 r  sysclk (IN)
                         net (fo=0)                   0.000     0.000    sysclk
    R4                   IBUF (Prop_ibuf_I_O)         0.431     0.431 r  sysclk_IBUF_inst/O
                         net (fo=1, routed)           0.734     1.165    sysclk_IBUF
    BUFGCTRL_X0Y2        BUFG (Prop_bufg_I_O)         0.029     1.194 r  sysclk_IBUF_BUFG_inst/O
                         net (fo=2, routed)           0.835     2.028    sysclk_IBUF_BUFG
    SLICE_X83Y146        FDRE (Prop_fdre_C_Q)         0.160     2.188 r  clk_div_reg[1]/Q
                         net (fo=2, routed)           0.310     2.498    clk_div[1]
    BUFGCTRL_X0Y0        BUFG (Prop_bufg_I_O)         0.097     2.595 r  u_bufg_clk25/O
                         net (fo=5868, routed)        0.823     3.419    u_soc/u_i2c/clk_25
    SLICE_X83Y181        FDRE                                         r  u_soc/u_i2c/rdr_q_reg[8]/C
                         clock pessimism             -0.606     2.813    
    SLICE_X83Y181        FDRE (Hold_fdre_C_D)         0.019     2.832    u_soc/u_i2c/rdr_q_reg[8]
  -------------------------------------------------------------------
                         required time                         -2.832    
                         arrival time                           2.856    
  -------------------------------------------------------------------
                         slack                                  0.024    





Pulse Width Checks
--------------------------------------------------------------------------------------
Clock Name:         clk_25
Waveform(ns):       { 0.000 20.000 }
Period(ns):         40.000
Sources:            { clk_div_reg[1]/Q }

Check Type        Corner  Lib Pin             Reference Pin  Required(ns)  Actual(ns)  Slack(ns)  Location       Pin
Min Period        n/a     RAMB18E1/CLKARDCLK  n/a            2.944         40.000      37.056     RAMB18_X5Y68   u_soc/u_dram/u_sram/mem_reg/CLKARDCLK
Low Pulse Width   Slow    RAMD64E/CLK         n/a            1.250         20.000      18.750     SLICE_X98Y146  u_soc/u_yz/u_accel/actm_reg_0_63_0_2/RAMA/CLK
High Pulse Width  Slow    RAMD64E/CLK         n/a            1.250         20.000      18.750     SLICE_X98Y146  u_soc/u_yz/u_accel/actm_reg_0_63_0_2/RAMA/CLK



---------------------------------------------------------------------------------------------------
From Clock:  clk_25
  To Clock:  sys_clk_pin

Setup :            0  Failing Endpoints,  Worst Slack        7.802ns,  Total Violation        0.000ns
Hold  :            0  Failing Endpoints,  Worst Slack        0.340ns,  Total Violation        0.000ns
---------------------------------------------------------------------------------------------------


Max Delay Paths
--------------------------------------------------------------------------------------
Slack (MET) :             7.802ns  (required time - arrival time)
  Source:                 clk_div_reg[1]/Q
                            (clock source 'clk_25'  {rise@0.000ns fall@20.000ns period=40.000ns})
  Destination:            clk_div_reg[1]/D
                            (rising edge-triggered cell FDRE clocked by sys_clk_pin  {rise@0.000ns fall@5.000ns period=10.000ns})
  Path Group:             sys_clk_pin
  Path Type:              Setup (Max at Slow Process Corner)
  Requirement:            10.000ns  (sys_clk_pin rise@30.000ns - clk_25 fall@20.000ns)
  Data Path Delay:        1.697ns  (logic 0.327ns (19.266%)  route 1.370ns (80.734%))
  Logic Levels:           1  (LUT2=1)
  Clock Path Skew:        -0.540ns (DCD - SCD + CPR)
    Destination Clock Delay (DCD):    5.019ns = ( 35.019 - 30.000 ) 
    Source Clock Delay      (SCD):    5.744ns = ( 25.744 - 20.000 ) 
    Clock Pessimism Removal (CPR):    0.185ns
  Clock Uncertainty:      0.035ns  ((TSJ^2 + TIJ^2)^1/2 + DJ) / 2 + PE
    Total System Jitter     (TSJ):    0.071ns
    Total Input Jitter      (TIJ):    0.000ns
    Discrete Jitter          (DJ):    0.000ns
    Phase Error              (PE):    0.000ns

    Location             Delay type                Incr(ns)  Path(ns)    Netlist Resource(s)
  -------------------------------------------------------------------    -------------------
                         (clock clk_25 fall edge)    20.000    20.000 f  
    R4                                                0.000    20.000 r  sysclk (IN)
                         net (fo=0)                   0.000    20.000    sysclk
    R4                   IBUF (Prop_ibuf_I_O)         1.475    21.475 r  sysclk_IBUF_inst/O
                         net (fo=1, routed)           2.114    23.589    sysclk_IBUF
    BUFGCTRL_X0Y2        BUFG (Prop_bufg_I_O)         0.096    23.685 r  sysclk_IBUF_BUFG_inst/O
                         net (fo=2, routed)           1.640    25.325    sysclk_IBUF_BUFG
  -------------------------------------------------------------------    -------------------
    SLICE_X83Y146        FDRE (Prop_fdre_C_Q)         0.419    25.744 f  clk_div_reg[1]/Q
                         net (fo=2, routed)           1.370    27.114    clk_div[1]
    SLICE_X83Y146        LUT2 (Prop_lut2_I1_O)        0.327    27.441 r  clk_div[1]_i_1/O
                         net (fo=1, routed)           0.000    27.441    clk_div[1]_i_1_n_0
    SLICE_X83Y146        FDRE                                         r  clk_div_reg[1]/D
  -------------------------------------------------------------------    -------------------

                         (clock sys_clk_pin rise edge)
                                                     30.000    30.000 r  
    R4                                                0.000    30.000 r  sysclk (IN)
                         net (fo=0)                   0.000    30.000    sysclk
    R4                   IBUF (Prop_ibuf_I_O)         1.405    31.405 r  sysclk_IBUF_inst/O
                         net (fo=1, routed)           2.004    33.409    sysclk_IBUF
    BUFGCTRL_X0Y2        BUFG (Prop_bufg_I_O)         0.091    33.500 r  sysclk_IBUF_BUFG_inst/O
                         net (fo=2, routed)           1.519    35.019    sysclk_IBUF_BUFG
    SLICE_X83Y146        FDRE                                         r  clk_div_reg[1]/C
                         clock pessimism              0.185    35.204    
                         clock uncertainty           -0.035    35.169    
    SLICE_X83Y146        FDRE (Setup_fdre_C_D)        0.075    35.244    clk_div_reg[1]
  -------------------------------------------------------------------
                         required time                         35.244    
                         arrival time                         -27.441    
  -------------------------------------------------------------------
                         slack                                  7.802    





Min Delay Paths
--------------------------------------------------------------------------------------
Slack (MET) :             0.340ns  (arrival time - required time)
  Source:                 clk_div_reg[1]/Q
                            (clock source 'clk_25'  {rise@0.000ns fall@20.000ns period=40.000ns})
  Destination:            clk_div_reg[1]/D
                            (rising edge-triggered cell FDRE clocked by sys_clk_pin  {rise@0.000ns fall@5.000ns period=10.000ns})
  Path Group:             sys_clk_pin
  Path Type:              Hold (Min at Fast Process Corner)
  Requirement:            0.000ns  (sys_clk_pin rise@20.000ns - clk_25 fall@20.000ns)
  Data Path Delay:        0.589ns  (logic 0.098ns (16.629%)  route 0.491ns (83.371%))
  Logic Levels:           1  (LUT2=1)
  Clock Path Skew:        0.142ns (DCD - SCD - CPR)
    Destination Clock Delay (DCD):    2.028ns = ( 22.028 - 20.000 ) 
    Source Clock Delay      (SCD):    1.638ns = ( 21.638 - 20.000 ) 
    Clock Pessimism Removal (CPR):    0.248ns

    Location             Delay type                Incr(ns)  Path(ns)    Netlist Resource(s)
  -------------------------------------------------------------------    -------------------
                         (clock clk_25 fall edge)    20.000    20.000 f  
    R4                                                0.000    20.000 r  sysclk (IN)
                         net (fo=0)                   0.000    20.000    sysclk
    R4                   IBUF (Prop_ibuf_I_O)         0.243    20.243 r  sysclk_IBUF_inst/O
                         net (fo=1, routed)           0.676    20.919    sysclk_IBUF
    BUFGCTRL_X0Y2        BUFG (Prop_bufg_I_O)         0.026    20.945 r  sysclk_IBUF_BUFG_inst/O
                         net (fo=2, routed)           0.565    21.510    sysclk_IBUF_BUFG
  -------------------------------------------------------------------    -------------------
    SLICE_X83Y146        FDRE (Prop_fdre_C_Q)         0.128    21.638 f  clk_div_reg[1]/Q
                         net (fo=2, routed)           0.491    22.129    clk_div[1]
    SLICE_X83Y146        LUT2 (Prop_lut2_I1_O)        0.098    22.227 r  clk_div[1]_i_1/O
                         net (fo=1, routed)           0.000    22.227    clk_div[1]_i_1_n_0
    SLICE_X83Y146        FDRE                                         r  clk_div_reg[1]/D
  -------------------------------------------------------------------    -------------------

                         (clock sys_clk_pin rise edge)
                                                     20.000    20.000 r  
    R4                                                0.000    20.000 r  sysclk (IN)
                         net (fo=0)                   0.000    20.000    sysclk
    R4                   IBUF (Prop_ibuf_I_O)         0.431    20.431 r  sysclk_IBUF_inst/O
                         net (fo=1, routed)           0.734    21.165    sysclk_IBUF
    BUFGCTRL_X0Y2        BUFG (Prop_bufg_I_O)         0.029    21.194 r  sysclk_IBUF_BUFG_inst/O
                         net (fo=2, routed)           0.835    22.028    sysclk_IBUF_BUFG
    SLICE_X83Y146        FDRE                                         r  clk_div_reg[1]/C
                         clock pessimism             -0.248    21.780    
    SLICE_X83Y146        FDRE (Hold_fdre_C_D)         0.107    21.887    clk_div_reg[1]
  -------------------------------------------------------------------
                         required time                        -21.887    
                         arrival time                          22.227    
  -------------------------------------------------------------------
                         slack                                  0.340    





---------------------------------------------------------------------------------------------------
Path Group:  **async_default**
From Clock:  clk_25
  To Clock:  clk_25

Setup :            0  Failing Endpoints,  Worst Slack       16.415ns,  Total Violation        0.000ns
Hold  :            0  Failing Endpoints,  Worst Slack        0.637ns,  Total Violation        0.000ns
---------------------------------------------------------------------------------------------------


Max Delay Paths
--------------------------------------------------------------------------------------
Slack (MET) :             16.415ns  (required time - arrival time)
  Source:                 rst_n_clean_reg/C
                            (rising edge-triggered cell FDCE clocked by clk_25  {rise@0.000ns fall@20.000ns period=40.000ns})
  Destination:            u_soc/u_yz/mem_addr_reg[0]_rep__8/CLR
                            (recovery check against rising-edge clock clk_25  {rise@0.000ns fall@20.000ns period=40.000ns})
  Path Group:             **async_default**
  Path Type:              Recovery (Max at Slow Process Corner)
  Requirement:            40.000ns  (clk_25 rise@40.000ns - clk_25 rise@0.000ns)
  Data Path Delay:        23.075ns  (logic 0.642ns (2.782%)  route 22.433ns (97.218%))
  Logic Levels:           1  (LUT1=1)
  Clock Path Skew:        -0.070ns (DCD - SCD + CPR)
    Destination Clock Delay (DCD):    7.781ns = ( 47.781 - 40.000 ) 
    Source Clock Delay      (SCD):    8.365ns
    Clock Pessimism Removal (CPR):    0.514ns
  Clock Uncertainty:      0.035ns  ((TSJ^2 + TIJ^2)^1/2 + DJ) / 2 + PE
    Total System Jitter     (TSJ):    0.071ns
    Total Input Jitter      (TIJ):    0.000ns
    Discrete Jitter          (DJ):    0.000ns
    Phase Error              (PE):    0.000ns

    Location             Delay type                Incr(ns)  Path(ns)    Netlist Resource(s)
  -------------------------------------------------------------------    -------------------
                         (clock clk_25 rise edge)     0.000     0.000 r  
    R4                                                0.000     0.000 r  sysclk (IN)
                         net (fo=0)                   0.000     0.000    sysclk
    R4                   IBUF (Prop_ibuf_I_O)         1.475     1.475 r  sysclk_IBUF_inst/O
                         net (fo=1, routed)           2.114     3.589    sysclk_IBUF
    BUFGCTRL_X0Y2        BUFG (Prop_bufg_I_O)         0.096     3.685 r  sysclk_IBUF_BUFG_inst/O
                         net (fo=2, routed)           1.640     5.325    sysclk_IBUF_BUFG
    SLICE_X83Y146        FDRE (Prop_fdre_C_Q)         0.419     5.744 r  clk_div_reg[1]/Q
                         net (fo=2, routed)           0.721     6.465    clk_div[1]
    BUFGCTRL_X0Y0        BUFG (Prop_bufg_I_O)         0.271     6.736 r  u_bufg_clk25/O
                         net (fo=5868, routed)        1.629     8.365    clk_25
    SLICE_X76Y180        FDCE                                         r  rst_n_clean_reg/C
  -------------------------------------------------------------------    -------------------
    SLICE_X76Y180        FDCE (Prop_fdce_C_Q)         0.518     8.883 r  rst_n_clean_reg/Q
                         net (fo=2, routed)           1.810    10.693    u_soc/u_core/id_stage_i/register_file_i/rst_n_clean
    SLICE_X78Y181        LUT1 (Prop_lut1_I0_O)        0.124    10.817 f  u_soc/u_core/id_stage_i/register_file_i/cnt_q[1]_i_3/O
                         net (fo=3515, routed)       20.623    31.440    u_soc/u_yz/len_q_reg[0]
    SLICE_X109Y159       FDCE                                         f  u_soc/u_yz/mem_addr_reg[0]_rep__8/CLR
  -------------------------------------------------------------------    -------------------

                         (clock clk_25 rise edge)    40.000    40.000 r  
    R4                                                0.000    40.000 r  sysclk (IN)
                         net (fo=0)                   0.000    40.000    sysclk
    R4                   IBUF (Prop_ibuf_I_O)         1.405    41.405 r  sysclk_IBUF_inst/O
                         net (fo=1, routed)           2.004    43.409    sysclk_IBUF
    BUFGCTRL_X0Y2        BUFG (Prop_bufg_I_O)         0.091    43.500 r  sysclk_IBUF_BUFG_inst/O
                         net (fo=2, routed)           1.519    45.019    sysclk_IBUF_BUFG
    SLICE_X83Y146        FDRE (Prop_fdre_C_Q)         0.337    45.356 r  clk_div_reg[1]/Q
                         net (fo=2, routed)           0.641    45.997    clk_div[1]
    BUFGCTRL_X0Y0        BUFG (Prop_bufg_I_O)         0.232    46.229 r  u_bufg_clk25/O
                         net (fo=5868, routed)        1.552    47.781    u_soc/u_yz/clk_25
    SLICE_X109Y159       FDCE                                         r  u_soc/u_yz/mem_addr_reg[0]_rep__8/C
                         clock pessimism              0.514    48.295    
                         clock uncertainty           -0.035    48.260    
    SLICE_X109Y159       FDCE (Recov_fdce_C_CLR)     -0.405    47.855    u_soc/u_yz/mem_addr_reg[0]_rep__8
  -------------------------------------------------------------------
                         required time                         47.855    
                         arrival time                         -31.440    
  -------------------------------------------------------------------
                         slack                                 16.415    





Min Delay Paths
--------------------------------------------------------------------------------------
Slack (MET) :             0.637ns  (arrival time - required time)
  Source:                 rst_n_sync_reg/C
                            (rising edge-triggered cell FDRE clocked by clk_25  {rise@0.000ns fall@20.000ns period=40.000ns})
  Destination:            rst_cnt_reg[10]/CLR
                            (removal check against rising-edge clock clk_25  {rise@0.000ns fall@20.000ns period=40.000ns})
  Path Group:             **async_default**
  Path Type:              Removal (Min at Fast Process Corner)
  Requirement:            0.000ns  (clk_25 rise@0.000ns - clk_25 rise@0.000ns)
  Data Path Delay:        0.557ns  (logic 0.209ns (37.504%)  route 0.348ns (62.496%))
  Logic Levels:           1  (LUT1=1)
  Clock Path Skew:        0.012ns (DCD - SCD - CPR)
    Destination Clock Delay (DCD):    3.426ns
    Source Clock Delay      (SCD):    2.558ns
    Clock Pessimism Removal (CPR):    0.856ns

    Location             Delay type                Incr(ns)  Path(ns)    Netlist Resource(s)
  -------------------------------------------------------------------    -------------------
                         (clock clk_25 rise edge)     0.000     0.000 r  
    R4                                                0.000     0.000 r  sysclk (IN)
                         net (fo=0)                   0.000     0.000    sysclk
    R4                   IBUF (Prop_ibuf_I_O)         0.243     0.243 r  sysclk_IBUF_inst/O
                         net (fo=1, routed)           0.676     0.919    sysclk_IBUF
    BUFGCTRL_X0Y2        BUFG (Prop_bufg_I_O)         0.026     0.945 r  sysclk_IBUF_BUFG_inst/O
                         net (fo=2, routed)           0.565     1.510    sysclk_IBUF_BUFG
    SLICE_X83Y146        FDRE (Prop_fdre_C_Q)         0.128     1.638 r  clk_div_reg[1]/Q
                         net (fo=2, routed)           0.276     1.914    clk_div[1]
    BUFGCTRL_X0Y0        BUFG (Prop_bufg_I_O)         0.080     1.994 r  u_bufg_clk25/O
                         net (fo=5868, routed)        0.564     2.558    clk_25
    SLICE_X76Y181        FDRE                                         r  rst_n_sync_reg/C
  -------------------------------------------------------------------    -------------------
    SLICE_X76Y181        FDRE (Prop_fdre_C_Q)         0.164     2.722 r  rst_n_sync_reg/Q
                         net (fo=1, routed)           0.163     2.885    rst_n_sync
    SLICE_X76Y181        LUT1 (Prop_lut1_I0_O)        0.045     2.930 f  rst_n_clean_i_2/O
                         net (fo=17, routed)          0.185     3.115    rst_n_clean_i_2_n_0
    SLICE_X77Y179        FDCE                                         f  rst_cnt_reg[10]/CLR
  -------------------------------------------------------------------    -------------------

                         (clock clk_25 rise edge)     0.000     0.000 r  
    R4                                                0.000     0.000 r  sysclk (IN)
                         net (fo=0)                   0.000     0.000    sysclk
    R4                   IBUF (Prop_ibuf_I_O)         0.431     0.431 r  sysclk_IBUF_inst/O
                         net (fo=1, routed)           0.734     1.165    sysclk_IBUF
    BUFGCTRL_X0Y2        BUFG (Prop_bufg_I_O)         0.029     1.194 r  sysclk_IBUF_BUFG_inst/O
                         net (fo=2, routed)           0.835     2.028    sysclk_IBUF_BUFG
    SLICE_X83Y146        FDRE (Prop_fdre_C_Q)         0.160     2.188 r  clk_div_reg[1]/Q
                         net (fo=2, routed)           0.310     2.498    clk_div[1]
    BUFGCTRL_X0Y0        BUFG (Prop_bufg_I_O)         0.097     2.595 r  u_bufg_clk25/O
                         net (fo=5868, routed)        0.831     3.426    clk_25
    SLICE_X77Y179        FDCE                                         r  rst_cnt_reg[10]/C
                         clock pessimism             -0.856     2.570    
    SLICE_X77Y179        FDCE (Remov_fdce_C_CLR)     -0.092     2.478    rst_cnt_reg[10]
  -------------------------------------------------------------------
                         required time                         -2.478    
                         arrival time                           3.115    
  -------------------------------------------------------------------
                         slack                                  0.637    





